Component: ARM Compiler 5.06 (build 20) Tool: armlink [4d35a3]

==============================================================================

Section Cross References

    main.o(i.SystemClock_Config) refers to stm32f4xx_hal_rcc.o(i.HAL_RCC_OscConfig) for HAL_RCC_OscConfig
    main.o(i.SystemClock_Config) refers to main.o(i.Error_Handler) for Error_Handler
    main.o(i.SystemClock_Config) refers to stm32f4xx_hal_rcc.o(i.HAL_RCC_ClockConfig) for HAL_RCC_ClockConfig
    main.o(i.SystemClock_Config) refers to stm32f4xx_hal.o(i.HAL_GetREVID) for HAL_GetREVID
    main.o(i.main) refers to stm32f4xx_hal.o(i.HAL_Init) for HAL_Init
    main.o(i.main) refers to main.o(i.SystemClock_Config) for SystemClock_Config
    main.o(i.main) refers to stdout_usart.o(i.std_init) for std_init
    main.o(i.main) refers to stm32f4xx_hal_gpio.o(i.HAL_GPIO_Init) for HAL_GPIO_Init
    main.o(i.main) refers to globals.o(i.HAL_Delay) for HAL_Delay
    main.o(i.main) refers to i2c_treiber.o(i.initMPU) for initMPU
    main.o(i.main) refers to puts.o(i.puts) for puts
    main.o(i.main) refers to daten_filter.o(i.Get_Gyro_Offset_Start) for Get_Gyro_Offset_Start
    main.o(i.main) refers to daten_filter.o(i.Get_Gyro_Offset_Stopp) for Get_Gyro_Offset_Stopp
    main.o(i.main) refers to globals.o(i.HAL_GetTick) for HAL_GetTick
    main.o(i.main) refers to stm32f4xx_hal_gpio.o(i.HAL_GPIO_TogglePin) for HAL_GPIO_TogglePin
    main.o(i.main) refers to stdout_usart.o(i.kommuHandler) for kommuHandler
    stm32f4xx_it.o(i.SysTick_Handler) refers to globals.o(i.HAL_IncTick) for HAL_IncTick
    stdout_usart.o(i.buildCommand) refers to puts.o(i.puts) for puts
    stdout_usart.o(i.buildCommand) refers to stdout_usart.o(i.startRec) for startRec
    stdout_usart.o(i.buildCommand) refers to usart_stm32f4xx.o(.constdata) for Driver_USART3
    stdout_usart.o(i.buildCommand) refers to stdout_usart.o(.data) for currentPos
    stdout_usart.o(i.kommuHandler) refers to stdout_usart.o(i.sendCommand) for sendCommand
    stdout_usart.o(i.kommuHandler) refers to stm32f4xx_hal_gpio.o(i.HAL_GPIO_WritePin) for HAL_GPIO_WritePin
    stdout_usart.o(i.kommuHandler) refers to stdout_usart.o(i.buildCommand) for buildCommand
    stdout_usart.o(i.kommuHandler) refers to stdout_usart.o(.bss) for command
    stdout_usart.o(i.kommuHandler) refers to stdout_usart.o(.data) for kommuConnected
    stdout_usart.o(i.kommuHandler) refers to globals.o(.bss) for acceltempgyroValsFiltered
    stdout_usart.o(i.myUSART_callback) refers to stdout_usart.o(i.startRec) for startRec
    stdout_usart.o(i.myUSART_callback) refers to puts.o(i.puts) for puts
    stdout_usart.o(i.myUSART_callback) refers to stdout_usart.o(.bss) for input_buf
    stdout_usart.o(i.sendCommand) refers to stdout_usart.o(i.stdout_putchar) for stdout_putchar
    stdout_usart.o(i.startRec) refers to usart_stm32f4xx.o(.constdata) for Driver_USART3
    stdout_usart.o(i.std_init) refers to usart_stm32f4xx.o(.constdata) for Driver_USART3
    stdout_usart.o(i.std_init) refers to stdout_usart.o(i.myUSART_callback) for myUSART_callback
    stdout_usart.o(i.stderr_putchar) refers to stdout_usart.o(i.stdout_putchar) for stdout_putchar
    stdout_usart.o(i.stdin_getchar) refers to usart_stm32f4xx.o(.constdata) for Driver_USART3
    stdout_usart.o(i.stdout_putchar) refers to usart_stm32f4xx.o(.constdata) for Driver_USART3
    i2c_treiber.o(i.DMA1_Stream5_IRQHandler) refers to stm32f4xx_hal_dma.o(i.HAL_DMA_IRQHandler) for HAL_DMA_IRQHandler
    i2c_treiber.o(i.DMA1_Stream5_IRQHandler) refers to i2c_treiber.o(.bss) for hnd
    i2c_treiber.o(i.DMA1_Stream6_IRQHandler) refers to stm32f4xx_hal_dma.o(i.HAL_DMA_IRQHandler) for HAL_DMA_IRQHandler
    i2c_treiber.o(i.DMA1_Stream6_IRQHandler) refers to i2c_treiber.o(.bss) for hnd
    i2c_treiber.o(i.EXTI3_IRQHandler) refers to globals.o(i.HAL_GetTick10u) for HAL_GetTick10u
    i2c_treiber.o(i.EXTI3_IRQHandler) refers to i2c_treiber.o(i.MPU6050_GetRawAccelGyro) for MPU6050_GetRawAccelGyro
    i2c_treiber.o(i.EXTI3_IRQHandler) refers to daten_filter.o(i.lowPassFilterGyro) for lowPassFilterGyro
    i2c_treiber.o(i.EXTI3_IRQHandler) refers to stm32f4xx_hal_gpio.o(i.HAL_GPIO_EXTI_IRQHandler) for HAL_GPIO_EXTI_IRQHandler
    i2c_treiber.o(i.EXTI3_IRQHandler) refers to stm32f4xx_hal_cortex.o(i.HAL_NVIC_ClearPendingIRQ) for HAL_NVIC_ClearPendingIRQ
    i2c_treiber.o(i.EXTI3_IRQHandler) refers to i2c_treiber.o(.data) for last
    i2c_treiber.o(i.EXTI3_IRQHandler) refers to globals.o(.data) for timeDiffMPU
    i2c_treiber.o(i.EXTI3_IRQHandler) refers to globals.o(.bss) for acceltempgyroVals
    i2c_treiber.o(i.HAL_I2C_MspInit) refers to stm32f4xx_hal_gpio.o(i.HAL_GPIO_Init) for HAL_GPIO_Init
    i2c_treiber.o(i.HAL_I2C_MspInit) refers to stm32f4xx_hal_dma.o(i.HAL_DMA_Init) for HAL_DMA_Init
    i2c_treiber.o(i.HAL_I2C_MspInit) refers to stm32f4xx_hal_cortex.o(i.HAL_NVIC_SetPriority) for HAL_NVIC_SetPriority
[...]
    Removing stm32f4xx_hal_uart.o(i.UART_WaitOnFlagUntilTimeout), (250 bytes).
    Removing stm32f4xx_hal_usart.o(.rev16_text), (4 bytes).
    Removing stm32f4xx_hal_usart.o(.revsh_text), (4 bytes).
    Removing stm32f4xx_hal_usart.o(.rrx_text), (6 bytes).
    Removing stm32f4xx_hal_usart.o(i.HAL_USART_DMAPause), (50 bytes).
    Removing stm32f4xx_hal_usart.o(i.HAL_USART_DMAResume), (50 bytes).
    Removing stm32f4xx_hal_usart.o(i.HAL_USART_DMAStop), (58 bytes).
    Removing stm32f4xx_hal_usart.o(i.HAL_USART_DeInit), (54 bytes).
    Removing stm32f4xx_hal_usart.o(i.HAL_USART_ErrorCallback), (2 bytes).
    Removing stm32f4xx_hal_usart.o(i.HAL_USART_GetError), (6 bytes).
    Removing stm32f4xx_hal_usart.o(i.HAL_USART_GetState), (8 bytes).
    Removing stm32f4xx_hal_usart.o(i.HAL_USART_IRQHandler), (320 bytes).
    Removing stm32f4xx_hal_usart.o(i.HAL_USART_Init), (90 bytes).
    Removing stm32f4xx_hal_usart.o(i.HAL_USART_MspDeInit), (2 bytes).
    Removing stm32f4xx_hal_usart.o(i.HAL_USART_MspInit), (2 bytes).
    Removing stm32f4xx_hal_usart.o(i.HAL_USART_Receive), (256 bytes).
    Removing stm32f4xx_hal_usart.o(i.HAL_USART_Receive_DMA), (192 bytes).
    Removing stm32f4xx_hal_usart.o(i.HAL_USART_Receive_IT), (120 bytes).
    Removing stm32f4xx_hal_usart.o(i.HAL_USART_RxCpltCallback), (2 bytes).
    Removing stm32f4xx_hal_usart.o(i.HAL_USART_RxHalfCpltCallback), (2 bytes).
    Removing stm32f4xx_hal_usart.o(i.HAL_USART_Transmit), (196 bytes).
    Removing stm32f4xx_hal_usart.o(i.HAL_USART_TransmitReceive), (294 bytes).
    Removing stm32f4xx_hal_usart.o(i.HAL_USART_TransmitReceive_DMA), (228 bytes).
    Removing stm32f4xx_hal_usart.o(i.HAL_USART_TransmitReceive_IT), (132 bytes).
    Removing stm32f4xx_hal_usart.o(i.HAL_USART_Transmit_DMA), (148 bytes).
    Removing stm32f4xx_hal_usart.o(i.HAL_USART_Transmit_IT), (88 bytes).
    Removing stm32f4xx_hal_usart.o(i.HAL_USART_TxCpltCallback), (2 bytes).
    Removing stm32f4xx_hal_usart.o(i.HAL_USART_TxHalfCpltCallback), (2 bytes).
    Removing stm32f4xx_hal_usart.o(i.HAL_USART_TxRxCpltCallback), (2 bytes).
    Removing stm32f4xx_hal_usart.o(i.USART_DMAError), (34 bytes).
    Removing stm32f4xx_hal_usart.o(i.USART_DMAReceiveCplt), (116 bytes).
    Removing stm32f4xx_hal_usart.o(i.USART_DMARxHalfCplt), (14 bytes).
    Removing stm32f4xx_hal_usart.o(i.USART_DMATransmitCplt), (70 bytes).
    Removing stm32f4xx_hal_usart.o(i.USART_DMATxHalfCplt), (14 bytes).
    Removing stm32f4xx_hal_usart.o(i.USART_EndTransmit_IT), (44 bytes).
    Removing stm32f4xx_hal_usart.o(i.USART_Receive_IT), (194 bytes).
    Removing stm32f4xx_hal_usart.o(i.USART_SetConfig), (332 bytes).
    Removing stm32f4xx_hal_usart.o(i.USART_TransmitReceive_IT), (270 bytes).
    Removing stm32f4xx_hal_usart.o(i.USART_Transmit_IT), (104 bytes).
    Removing stm32f4xx_hal_usart.o(i.USART_WaitOnFlagUntilTimeout), (250 bytes).
    Removing startup_stm32f407xx.o(HEAP), (512 bytes).
    Removing system_stm32f4xx.o(.rev16_text), (4 bytes).
    Removing system_stm32f4xx.o(.revsh_text), (4 bytes).
    Removing system_stm32f4xx.o(.rrx_text), (6 bytes).
    Removing system_stm32f4xx.o(i.SystemCoreClockUpdate), (192 bytes).
    Removing system_stm32f4xx.o(.constdata), (16 bytes).
    Removing dadd.o(.text), (334 bytes).
    Removing dmul.o(.text), (228 bytes).
    Removing ddiv.o(.text), (222 bytes).
    Removing dfixul.o(.text), (48 bytes).
    Removing cdrcmple.o(.text), (48 bytes).
    Removing depilogue.o(.text), (186 bytes).

445 unused section(s) (total 36638 bytes) removed from the image.

==============================================================================

Image Symbol Table

    Local Symbols

    Symbol Name                              Value     Ov Type        Size  Object(Section)

    ../clib/microlib/division.c              0x00000000   Number         0  uidiv.o ABSOLUTE
    ../clib/microlib/division.c              0x00000000   Number         0  uldiv.o ABSOLUTE
    ../clib/microlib/init/entry.s            0x00000000   Number         0  entry5.o ABSOLUTE
    ../clib/microlib/init/entry.s            0x00000000   Number         0  entry9a.o ABSOLUTE
    ../clib/microlib/init/entry.s            0x00000000   Number         0  entry9b.o ABSOLUTE
    ../clib/microlib/init/entry.s            0x00000000   Number         0  entry10a.o ABSOLUTE
    ../clib/microlib/init/entry.s            0x00000000   Number         0  entry7a.o ABSOLUTE
    ../clib/microlib/init/entry.s            0x00000000   Number         0  entry7b.o ABSOLUTE
    ../clib/microlib/init/entry.s            0x00000000   Number         0  entry8a.o ABSOLUTE
    ../clib/microlib/init/entry.s            0x00000000   Number         0  entry10b.o ABSOLUTE
    ../clib/microlib/init/entry.s            0x00000000   Number         0  entry11a.o ABSOLUTE
    ../clib/microlib/init/entry.s            0x00000000   Number         0  entry.o ABSOLUTE
    ../clib/microlib/init/entry.s            0x00000000   Number         0  entry11b.o ABSOLUTE
    ../clib/microlib/init/entry.s            0x00000000   Number         0  entry8b.o ABSOLUTE
    ../clib/microlib/init/entry.s            0x00000000   Number         0  entry2.o ABSOLUTE
    ../clib/microlib/longlong.c              0x00000000   Number         0  llsshr.o ABSOLUTE
    ../clib/microlib/longlong.c              0x00000000   Number         0  llushr.o ABSOLUTE
    ../clib/microlib/longlong.c              0x00000000   Number         0  llshl.o ABSOLUTE
    ../clib/microlib/printf/printf.c         0x00000000   Number         0  printf2.o ABSOLUTE
    ../clib/microlib/printf/printf.c         0x00000000   Number         0  printf3.o ABSOLUTE
    ../clib/microlib/printf/printf.c         0x00000000   Number         0  printf4.o ABSOLUTE
    ../clib/microlib/printf/printf.c         0x00000000   Number         0  printfb.o ABSOLUTE
    ../clib/microlib/printf/printf.c         0x00000000   Number         0  printf8.o ABSOLUTE
    ../clib/microlib/printf/printf.c         0x00000000   Number         0  printf5.o ABSOLUTE
    ../clib/microlib/printf/printf.c         0x00000000   Number         0  printf6.o ABSOLUTE
    ../clib/microlib/printf/printf.c         0x00000000   Number         0  printf7.o ABSOLUTE
    ../clib/microlib/printf/printf.c         0x00000000   Number         0  printfa.o ABSOLUTE
    ../clib/microlib/printf/printf.c         0x00000000   Number         0  printf0.o ABSOLUTE
    ../clib/microlib/printf/printf.c         0x00000000   Number         0  printf1.o ABSOLUTE
    ../clib/microlib/printf/stubs.s          0x00000000   Number         0  stubs.o ABSOLUTE
    ../clib/microlib/stdio/fputs.c           0x00000000   Number         0  fputs.o ABSOLUTE
    ../clib/microlib/stdio/fputs.c           0x00000000   Number         0  fputs_e.o ABSOLUTE
    ../clib/microlib/stdio/puts.c            0x00000000   Number         0  puts_e.o ABSOLUTE
    ../clib/microlib/stdio/puts.c            0x00000000   Number         0  puts.o ABSOLUTE
    ../clib/microlib/stdio/streams.c         0x00000000   Number         0  stdin.o ABSOLUTE
    ../clib/microlib/stdio/streams.c         0x00000000   Number         0  stderr.o ABSOLUTE
    ../clib/microlib/stdio/streams.c         0x00000000   Number         0  stdout.o ABSOLUTE
    ../clib/microlib/string/memset.c         0x00000000   Number         0  memseta.o ABSOLUTE
    ../clib/microlib/stubs.s                 0x00000000   Number         0  iusefp.o ABSOLUTE
    ../fplib/microlib/fpadd.c                0x00000000   Number         0  dadd.o ABSOLUTE
    ../fplib/microlib/fpdiv.c                0x00000000   Number         0  ddiv.o ABSOLUTE
    ../fplib/microlib/fpepilogue.c           0x00000000   Number         0  depilogue.o ABSOLUTE
    ../fplib/microlib/fpfix.c                0x00000000   Number         0  dfixul.o ABSOLUTE
    ../fplib/microlib/fpmul.c                0x00000000   Number         0  dmul.o ABSOLUTE
    C:\Keil_v5\ARM\PACK\Keil\ARM_Compiler\1.0.0\Source\retarget_io.c 0x00000000   Number         0  retarget_io.o ABSOLUTE
    C:\Keil_v5\ARM\PACK\Keil\STM32F4xx_DFP\2.6.0\CMSIS\Driver\USART_STM32F4xx.c 0x00000000   Number         0  usart_stm32f4xx.o ABSOLUTE
    C:\Keil_v5\ARM\PACK\Keil\STM32F4xx_DFP\2.6.0\Drivers\STM32F4xx_HAL_Driver\Src\stm32f4xx_hal.c 0x00000000   Number         0  stm32f4xx_hal.o ABSOLUTE
    C:\Keil_v5\ARM\PACK\Keil\STM32F4xx_DFP\2.6.0\Drivers\STM32F4xx_HAL_Driver\Src\stm32f4xx_hal_adc.c 0x00000000   Number         0  stm32f4xx_hal_adc.o ABSOLUTE
    C:\Keil_v5\ARM\PACK\Keil\STM32F4xx_DFP\2.6.0\Drivers\STM32F4xx_HAL_Driver\Src\stm32f4xx_hal_adc_ex.c 0x00000000   Number         0  stm32f4xx_hal_adc_ex.o ABSOLUTE
    C:\Keil_v5\ARM\PACK\Keil\STM32F4xx_DFP\2.6.0\Drivers\STM32F4xx_HAL_Driver\Src\stm32f4xx_hal_cortex.c 0x00000000   Number         0  stm32f4xx_hal_cortex.o ABSOLUTE
    C:\Keil_v5\ARM\PACK\Keil\STM32F4xx_DFP\2.6.0\Drivers\STM32F4xx_HAL_Driver\Src\stm32f4xx_hal_dma.c 0x00000000   Number         0  stm32f4xx_hal_dma.o ABSOLUTE
    C:\Keil_v5\ARM\PACK\Keil\STM32F4xx_DFP\2.6.0\Drivers\STM32F4xx_HAL_Driver\Src\stm32f4xx_hal_dma_ex.c 0x00000000   Number         0  stm32f4xx_hal_dma_ex.o ABSOLUTE
    C:\Keil_v5\ARM\PACK\Keil\STM32F4xx_DFP\2.6.0\Drivers\STM32F4xx_HAL_Driver\Src\stm32f4xx_hal_gpio.c 0x00000000   Number         0  stm32f4xx_hal_gpio.o ABSOLUTE
    C:\Keil_v5\ARM\PACK\Keil\STM32F4xx_DFP\2.6.0\Drivers\STM32F4xx_HAL_Driver\Src\stm32f4xx_hal_i2c.c 0x00000000   Number         0  stm32f4xx_hal_i2c.o ABSOLUTE
    C:\Keil_v5\ARM\PACK\Keil\STM32F4xx_DFP\2.6.0\Drivers\STM32F4xx_HAL_Driver\Src\stm32f4xx_hal_pwr.c 0x00000000   Number         0  stm32f4xx_hal_pwr.o ABSOLUTE
    C:\Keil_v5\ARM\PACK\Keil\STM32F4xx_DFP\2.6.0\Drivers\STM32F4xx_HAL_Driver\Src\stm32f4xx_hal_pwr_ex.c 0x00000000   Number         0  stm32f4xx_hal_pwr_ex.o ABSOLUTE
    C:\Keil_v5\ARM\PACK\Keil\STM32F4xx_DFP\2.6.0\Drivers\STM32F4xx_HAL_Driver\Src\stm32f4xx_hal_rcc.c 0x00000000   Number         0  stm32f4xx_hal_rcc.o ABSOLUTE
    C:\Keil_v5\ARM\PACK\Keil\STM32F4xx_DFP\2.6.0\Drivers\STM32F4xx_HAL_Driver\Src\stm32f4xx_hal_rcc_ex.c 0x00000000   Number         0  stm32f4xx_hal_rcc_ex.o ABSOLUTE
    C:\Keil_v5\ARM\PACK\Keil\STM32F4xx_DFP\2.6.0\Drivers\STM32F4xx_HAL_Driver\Src\stm32f4xx_hal_tim.c 0x00000000   Number         0  stm32f4xx_hal_tim.o ABSOLUTE
    C:\Keil_v5\ARM\PACK\Keil\STM32F4xx_DFP\2.6.0\Drivers\STM32F4xx_HAL_Driver\Src\stm32f4xx_hal_tim_ex.c 0x00000000   Number         0  stm32f4xx_hal_tim_ex.o ABSOLUTE
    C:\Keil_v5\ARM\PACK\Keil\STM32F4xx_DFP\2.6.0\Drivers\STM32F4xx_HAL_Driver\Src\stm32f4xx_hal_uart.c 0x00000000   Number         0  stm32f4xx_hal_uart.o ABSOLUTE
    C:\Keil_v5\ARM\PACK\Keil\STM32F4xx_DFP\2.6.0\Drivers\STM32F4xx_HAL_Driver\Src\stm32f4xx_hal_usart.c 0x00000000   Number         0  stm32f4xx_hal_usart.o ABSOLUTE
    C:\\Keil_v5\\ARM\\PACK\\Keil\\STM32F4xx_DFP\\2.6.0\\CMSIS\\Driver\\USART_STM32F4xx.c 0x00000000   Number         0  usart_stm32f4xx.o ABSOLUTE
    C:\\Keil_v5\\ARM\\PACK\\Keil\\STM32F4xx_DFP\\2.6.0\\Drivers\\STM32F4xx_HAL_Driver\\Src\\stm32f4xx_hal.c 0x00000000   Number         0  stm32f4xx_hal.o ABSOLUTE
    C:\\Keil_v5\\ARM\\PACK\\Keil\\STM32F4xx_DFP\\2.6.0\\Drivers\\STM32F4xx_HAL_Driver\\Src\\stm32f4xx_hal_adc.c 0x00000000   Number         0  stm32f4xx_hal_adc.o ABSOLUTE
    C:\\Keil_v5\\ARM\\PACK\\Keil\\STM32F4xx_DFP\\2.6.0\\Drivers\\STM32F4xx_HAL_Driver\\Src\\stm32f4xx_hal_adc_ex.c 0x00000000   Number         0  stm32f4xx_hal_adc_ex.o ABSOLUTE
    C:\\Keil_v5\\ARM\\PACK\\Keil\\STM32F4xx_DFP\\2.6.0\\Drivers\\STM32F4xx_HAL_Driver\\Src\\stm32f4xx_hal_cortex.c 0x00000000   Number         0  stm32f4xx_hal_cortex.o ABSOLUTE
    C:\\Keil_v5\\ARM\\PACK\\Keil\\STM32F4xx_DFP\\2.6.0\\Drivers\\STM32F4xx_HAL_Driver\\Src\\stm32f4xx_hal_dma.c 0x00000000   Number         0  stm32f4xx_hal_dma.o ABSOLUTE
    C:\\Keil_v5\\ARM\\PACK\\Keil\\STM32F4xx_DFP\\2.6.0\\Drivers\\STM32F4xx_HAL_Driver\\Src\\stm32f4xx_hal_dma_ex.c 0x00000000   Number         0  stm32f4xx_hal_dma_ex.o ABSOLUTE
    C:\\Keil_v5\\ARM\\PACK\\Keil\\STM32F4xx_DFP\\2.6.0\\Drivers\\STM32F4xx_HAL_Driver\\Src\\stm32f4xx_hal_gpio.c 0x00000000   Number         0  stm32f4xx_hal_gpio.o ABSOLUTE
    C:\\Keil_v5\\ARM\\PACK\\Keil\\STM32F4xx_DFP\\2.6.0\\Drivers\\STM32F4xx_HAL_Driver\\Src\\stm32f4xx_hal_i2c.c 0x00000000   Number         0  stm32f4xx_hal_i2c.o ABSOLUTE
    C:\\Keil_v5\\ARM\\PACK\\Keil\\STM32F4xx_DFP\\2.6.0\\Drivers\\STM32F4xx_HAL_Driver\\Src\\stm32f4xx_hal_pwr.c 0x00000000   Number         0  stm32f4xx_hal_pwr.o ABSOLUTE
    C:\\Keil_v5\\ARM\\PACK\\Keil\\STM32F4xx_DFP\\2.6.0\\Drivers\\STM32F4xx_HAL_Driver\\Src\\stm32f4xx_hal_pwr_ex.c 0x00000000   Number         0  stm32f4xx_hal_pwr_ex.o ABSOLUTE
    C:\\Keil_v5\\ARM\\PACK\\Keil\\STM32F4xx_DFP\\2.6.0\\Drivers\\STM32F4xx_HAL_Driver\\Src\\stm32f4xx_hal_rcc.c 0x00000000   Number         0  stm32f4xx_hal_rcc.o ABSOLUTE
    C:\\Keil_v5\\ARM\\PACK\\Keil\\STM32F4xx_DFP\\2.6.0\\Drivers\\STM32F4xx_HAL_Driver\\Src\\stm32f4xx_hal_rcc_ex.c 0x00000000   Number         0  stm32f4xx_hal_rcc_ex.o ABSOLUTE
    C:\\Keil_v5\\ARM\\PACK\\Keil\\STM32F4xx_DFP\\2.6.0\\Drivers\\STM32F4xx_HAL_Driver\\Src\\stm32f4xx_hal_tim.c 0x00000000   Number         0  stm32f4xx_hal_tim.o ABSOLUTE
    C:\\Keil_v5\\ARM\\PACK\\Keil\\STM32F4xx_DFP\\2.6.0\\Drivers\\STM32F4xx_HAL_Driver\\Src\\stm32f4xx_hal_tim_ex.c 0x00000000   Number         0  stm32f4xx_hal_tim_ex.o ABSOLUTE
    C:\\Keil_v5\\ARM\\PACK\\Keil\\STM32F4xx_DFP\\2.6.0\\Drivers\\STM32F4xx_HAL_Driver\\Src\\stm32f4xx_hal_uart.c 0x00000000   Number         0  stm32f4xx_hal_uart.o ABSOLUTE
    C:\\Keil_v5\\ARM\\PACK\\Keil\\STM32F4xx_DFP\\2.6.0\\Drivers\\STM32F4xx_HAL_Driver\\Src\\stm32f4xx_hal_usart.c 0x00000000   Number         0  stm32f4xx_hal_usart.o ABSOLUTE
    Daten_Filter.c                           0x00000000   Number         0  daten_filter.o ABSOLUTE
    Daten_Filter.c                           0x00000000   Number         0  daten_filter.o ABSOLUTE
    I2C_Treiber.c                            0x00000000   Number         0  i2c_treiber.o ABSOLUTE
    I2C_Treiber.c                            0x00000000   Number         0  i2c_treiber.o ABSOLUTE
    RTE\Device\STM32F407VGTx\startup_stm32f407xx.s 0x00000000   Number         0  startup_stm32f407xx.o ABSOLUTE
    RTE\Device\STM32F407VGTx\system_stm32f4xx.c 0x00000000   Number         0  system_stm32f4xx.o ABSOLUTE
    RTE\\Device\\STM32F407VGTx\\system_stm32f4xx.c 0x00000000   Number         0  system_stm32f4xx.o ABSOLUTE
    cdrcmple.s                               0x00000000   Number         0  cdrcmple.o ABSOLUTE
    dc.s                                     0x00000000   Number         0  dc.o ABSOLUTE
    globals.c                                0x00000000   Number         0  globals.o ABSOLUTE
    globals.c                                0x00000000   Number         0  globals.o ABSOLUTE
    handlers.s                               0x00000000   Number         0  handlers.o ABSOLUTE
    init.s                                   0x00000000   Number         0  init.o ABSOLUTE
    main.c                                   0x00000000   Number         0  main.o ABSOLUTE
    main.c                                   0x00000000   Number         0  main.o ABSOLUTE
    stdout_USART.c                           0x00000000   Number         0  stdout_usart.o ABSOLUTE
    stdout_USART.c                           0x00000000   Number         0  stdout_usart.o ABSOLUTE
    stm32f4xx_it.c                           0x00000000   Number         0  stm32f4xx_it.o ABSOLUTE
    stm32f4xx_it.c                           0x00000000   Number         0  stm32f4xx_it.o ABSOLUTE
    RESET                                    0x08000000   Section      392  startup_stm32f407xx.o(RESET)
    .ARM.Collect$$$$00000000                 0x08000188   Section        0  entry.o(.ARM.Collect$$$$00000000)
    .ARM.Collect$$$$00000001                 0x08000188   Section        4  entry2.o(.ARM.Collect$$$$00000001)
    .ARM.Collect$$$$00000004                 0x0800018c   Section        4  entry5.o(.ARM.Collect$$$$00000004)
    .ARM.Collect$$$$00000008                 0x08000190   Section        0  entry7b.o(.ARM.Collect$$$$00000008)
    .ARM.Collect$$$$0000000A                 0x08000190   Section        0  entry8b.o(.ARM.Collect$$$$0000000A)
    .ARM.Collect$$$$0000000B                 0x08000190   Section        8  entry9a.o(.ARM.Collect$$$$0000000B)
    .ARM.Collect$$$$0000000D                 0x08000198   Section        0  entry10a.o(.ARM.Collect$$$$0000000D)
    .ARM.Collect$$$$0000000F                 0x08000198   Section        0  entry11a.o(.ARM.Collect$$$$0000000F)
    .ARM.Collect$$$$00002712                 0x08000198   Section        4  entry2.o(.ARM.Collect$$$$00002712)
    __lit__00000000                          0x08000198   Data           4  entry2.o(.ARM.Collect$$$$00002712)
    .text                                    0x0800019c   Section       36  startup_stm32f407xx.o(.text)
    $v0                                      0x0800019c   Number         0  startup_stm32f407xx.o(.text)
    .text                                    0x080001c0   Section        0  memseta.o(.text)
    .text                                    0x080001e4   Section        0  uldiv.o(.text)
    .text                                    0x08000248   Section       36  init.o(.text)
    .text                                    0x0800026c   Section        0  llshl.o(.text)
    .text                                    0x0800028a   Section        0  llushr.o(.text)
    i.BusFault_Handler                       0x080002aa   Section        0  stm32f4xx_it.o(i.BusFault_Handler)
    i.DMA1_Stream5_IRQHandler                0x080002b0   Section        0  i2c_treiber.o(i.DMA1_Stream5_IRQHandler)
    i.DMA1_Stream6_IRQHandler                0x080002c0   Section        0  i2c_treiber.o(i.DMA1_Stream6_IRQHandler)
    i.DMA_CalcBaseAndBitshift                0x080002d0   Section        0  stm32f4xx_hal_dma.o(i.DMA_CalcBaseAndBitshift)
    DMA_CalcBaseAndBitshift                  0x080002d1   Thumb Code    46  stm32f4xx_hal_dma.o(i.DMA_CalcBaseAndBitshift)
    i.DMA_SetConfig                          0x08000304   Section        0  stm32f4xx_hal_dma.o(i.DMA_SetConfig)
    DMA_SetConfig                            0x08000305   Thumb Code    44  stm32f4xx_hal_dma.o(i.DMA_SetConfig)
    i.DebugMon_Handler                       0x08000330   Section        0  stm32f4xx_it.o(i.DebugMon_Handler)
    i.EXTI3_IRQHandler                       0x08000334   Section        0  i2c_treiber.o(i.EXTI3_IRQHandler)
    i.Enable_GPIO_Clock                      0x08000370   Section        0  usart_stm32f4xx.o(i.Enable_GPIO_Clock)
    Enable_GPIO_Clock                        0x08000371   Thumb Code   310  usart_stm32f4xx.o(i.Enable_GPIO_Clock)
    i.Error_Handler                          0x080004d0   Section        0  main.o(i.Error_Handler)
    Error_Handler                            0x080004d1   Thumb Code     4  main.o(i.Error_Handler)
    i.Get_Gyro_Offset_Start                  0x080004d4   Section        0  daten_filter.o(i.Get_Gyro_Offset_Start)
    i.Get_Gyro_Offset_Stopp                  0x080004ec   Section        0  daten_filter.o(i.Get_Gyro_Offset_Stopp)
    i.HAL_DMA_Abort                          0x08000530   Section        0  stm32f4xx_hal_dma.o(i.HAL_DMA_Abort)
    i.HAL_DMA_IRQHandler                     0x08000590   Section        0  stm32f4xx_hal_dma.o(i.HAL_DMA_IRQHandler)
    i.HAL_DMA_Init                           0x080007a8   Section        0  stm32f4xx_hal_dma.o(i.HAL_DMA_Init)
    i.HAL_DMA_Start_IT                       0x0800082c   Section        0  stm32f4xx_hal_dma.o(i.HAL_DMA_Start_IT)
    i.HAL_Delay                              0x08000896   Section        0  globals.o(i.HAL_Delay)
    i.HAL_GPIO_DeInit                        0x080008b0   Section        0  stm32f4xx_hal_gpio.o(i.HAL_GPIO_DeInit)
    i.HAL_GPIO_EXTI_Callback                 0x08000a24   Section        0  stm32f4xx_hal_gpio.o(i.HAL_GPIO_EXTI_Callback)
    i.HAL_GPIO_EXTI_IRQHandler               0x08000a28   Section        0  stm32f4xx_hal_gpio.o(i.HAL_GPIO_EXTI_IRQHandler)
    i.HAL_GPIO_Init                          0x08000a44   Section        0  stm32f4xx_hal_gpio.o(i.HAL_GPIO_Init)
    i.HAL_GPIO_ReadPin                       0x08000c4c   Section        0  stm32f4xx_hal_gpio.o(i.HAL_GPIO_ReadPin)
    i.HAL_GPIO_TogglePin                     0x08000c5c   Section        0  stm32f4xx_hal_gpio.o(i.HAL_GPIO_TogglePin)
    i.HAL_GPIO_WritePin                      0x08000c64   Section        0  stm32f4xx_hal_gpio.o(i.HAL_GPIO_WritePin)
    i.HAL_GetREVID                           0x08000c70   Section        0  stm32f4xx_hal.o(i.HAL_GetREVID)
    i.HAL_GetTick                            0x08000c7c   Section        0  globals.o(i.HAL_GetTick)
    i.HAL_GetTick10u                         0x08000c88   Section        0  globals.o(i.HAL_GetTick10u)
    i.HAL_I2C_DeInit                         0x08000c94   Section        0  stm32f4xx_hal_i2c.o(i.HAL_I2C_DeInit)
    i.HAL_I2C_ER_IRQHandler                  0x08000cca   Section        0  stm32f4xx_hal_i2c.o(i.HAL_I2C_ER_IRQHandler)
    i.HAL_I2C_EV_IRQHandler                  0x08000dac   Section        0  stm32f4xx_hal_i2c.o(i.HAL_I2C_EV_IRQHandler)
    i.HAL_I2C_ErrorCallback                  0x08000f1e   Section        0  stm32f4xx_hal_i2c.o(i.HAL_I2C_ErrorCallback)
    i.HAL_I2C_GetState                       0x08000f20   Section        0  stm32f4xx_hal_i2c.o(i.HAL_I2C_GetState)
    i.HAL_I2C_Init                           0x08000f28   Section        0  stm32f4xx_hal_i2c.o(i.HAL_I2C_Init)
    i.HAL_I2C_MasterRxCpltCallback           0x08001048   Section        0  stm32f4xx_hal_i2c.o(i.HAL_I2C_MasterRxCpltCallback)
    i.HAL_I2C_MasterTxCpltCallback           0x0800104a   Section        0  stm32f4xx_hal_i2c.o(i.HAL_I2C_MasterTxCpltCallback)
    i.HAL_I2C_Master_Receive                 0x0800104c   Section        0  stm32f4xx_hal_i2c.o(i.HAL_I2C_Master_Receive)
    i.HAL_I2C_Master_Transmit                0x08001280   Section        0  stm32f4xx_hal_i2c.o(i.HAL_I2C_Master_Transmit)
    i.HAL_I2C_MemRxCpltCallback              0x0800139c   Section        0  stm32f4xx_hal_i2c.o(i.HAL_I2C_MemRxCpltCallback)
    i.HAL_I2C_MemTxCpltCallback              0x0800139e   Section        0  stm32f4xx_hal_i2c.o(i.HAL_I2C_MemTxCpltCallback)
    i.HAL_I2C_Mem_Read                       0x080013a0   Section        0  stm32f4xx_hal_i2c.o(i.HAL_I2C_Mem_Read)
    i.HAL_I2C_Mem_Read_DMA                   0x080015cc   Section        0  stm32f4xx_hal_i2c.o(i.HAL_I2C_Mem_Read_DMA)
    i.HAL_I2C_Mem_Write                      0x080016e0   Section        0  stm32f4xx_hal_i2c.o(i.HAL_I2C_Mem_Write)
    i.HAL_I2C_MspDeInit                      0x080017f0   Section        0  stm32f4xx_hal_i2c.o(i.HAL_I2C_MspDeInit)
    i.HAL_I2C_MspInit                        0x080017f4   Section        0  i2c_treiber.o(i.HAL_I2C_MspInit)
    i.HAL_I2C_SlaveRxCpltCallback            0x080019a0   Section        0  stm32f4xx_hal_i2c.o(i.HAL_I2C_SlaveRxCpltCallback)
    i.HAL_I2C_SlaveTxCpltCallback            0x080019a2   Section        0  stm32f4xx_hal_i2c.o(i.HAL_I2C_SlaveTxCpltCallback)
    i.HAL_IncTick                            0x080019a4   Section        0  globals.o(i.HAL_IncTick)
    i.HAL_Init                               0x080019c8   Section        0  stm32f4xx_hal.o(i.HAL_Init)
    i.HAL_InitTick                           0x08001a04   Section        0  globals.o(i.HAL_InitTick)
    i.HAL_MspInit                            0x08001a2c   Section        0  stm32f4xx_hal.o(i.HAL_MspInit)
    i.HAL_NVIC_ClearPendingIRQ               0x08001a30   Section        0  stm32f4xx_hal_cortex.o(i.HAL_NVIC_ClearPendingIRQ)
    i.HAL_NVIC_DisableIRQ                    0x08001a4c   Section        0  stm32f4xx_hal_cortex.o(i.HAL_NVIC_DisableIRQ)
    i.HAL_NVIC_EnableIRQ                     0x08001a68   Section        0  stm32f4xx_hal_cortex.o(i.HAL_NVIC_EnableIRQ)
    i.HAL_NVIC_SetPriority                   0x08001a82   Section        0  stm32f4xx_hal_cortex.o(i.HAL_NVIC_SetPriority)
    i.HAL_NVIC_SetPriorityGrouping           0x08001b00   Section        0  stm32f4xx_hal_cortex.o(i.HAL_NVIC_SetPriorityGrouping)
    i.HAL_RCC_ClockConfig                    0x08001b28   Section        0  stm32f4xx_hal_rcc.o(i.HAL_RCC_ClockConfig)
    i.HAL_RCC_GetHCLKFreq                    0x08001dd8   Section        0  stm32f4xx_hal_rcc.o(i.HAL_RCC_GetHCLKFreq)
    i.HAL_RCC_GetPCLK1Freq                   0x08001e10   Section        0  stm32f4xx_hal_rcc.o(i.HAL_RCC_GetPCLK1Freq)
    i.HAL_RCC_GetSysClockFreq                0x08001e3c   Section        0  stm32f4xx_hal_rcc.o(i.HAL_RCC_GetSysClockFreq)
    i.HAL_RCC_OscConfig                      0x08001ef0   Section        0  stm32f4xx_hal_rcc.o(i.HAL_RCC_OscConfig)
    i.HAL_SYSTICK_Config                     0x080022f4   Section        0  stm32f4xx_hal_cortex.o(i.HAL_SYSTICK_Config)
    i.HardFault_Handler                      0x08002328   Section        0  stm32f4xx_it.o(i.HardFault_Handler)
    i.I2C1_ER_IRQHandler                     0x0800232c   Section        0  i2c_treiber.o(i.I2C1_ER_IRQHandler)
    i.I2C1_EV_IRQHandler                     0x0800233c   Section        0  i2c_treiber.o(i.I2C1_EV_IRQHandler)
    i.I2C_DMAError                           0x0800234c   Section        0  stm32f4xx_hal_i2c.o(i.I2C_DMAError)
    I2C_DMAError                             0x0800234d   Thumb Code    44  stm32f4xx_hal_i2c.o(i.I2C_DMAError)
    i.I2C_DMAMemReceiveCplt                  0x08002378   Section        0  stm32f4xx_hal_i2c.o(i.I2C_DMAMemReceiveCplt)
    I2C_DMAMemReceiveCplt                    0x08002379   Thumb Code    84  stm32f4xx_hal_i2c.o(i.I2C_DMAMemReceiveCplt)
    i.I2C_MasterReceive_BTF                  0x080023cc   Section        0  stm32f4xx_hal_i2c.o(i.I2C_MasterReceive_BTF)
    I2C_MasterReceive_BTF                    0x080023cd   Thumb Code   174  stm32f4xx_hal_i2c.o(i.I2C_MasterReceive_BTF)
    i.I2C_MasterReceive_RXNE                 0x0800247a   Section        0  stm32f4xx_hal_i2c.o(i.I2C_MasterReceive_RXNE)
    I2C_MasterReceive_RXNE                   0x0800247b   Thumb Code   126  stm32f4xx_hal_i2c.o(i.I2C_MasterReceive_RXNE)
    i.I2C_MasterRequestRead                  0x080024f8   Section        0  stm32f4xx_hal_i2c.o(i.I2C_MasterRequestRead)
    I2C_MasterRequestRead                    0x080024f9   Thumb Code   242  stm32f4xx_hal_i2c.o(i.I2C_MasterRequestRead)
    i.I2C_MasterRequestWrite                 0x080025f0   Section        0  stm32f4xx_hal_i2c.o(i.I2C_MasterRequestWrite)
    I2C_MasterRequestWrite                   0x080025f1   Thumb Code   136  stm32f4xx_hal_i2c.o(i.I2C_MasterRequestWrite)
    i.I2C_MasterTransmit_BTF                 0x0800267c   Section        0  stm32f4xx_hal_i2c.o(i.I2C_MasterTransmit_BTF)
    I2C_MasterTransmit_BTF                   0x0800267d   Thumb Code    90  stm32f4xx_hal_i2c.o(i.I2C_MasterTransmit_BTF)
    i.I2C_MasterTransmit_TXE                 0x080026d6   Section        0  stm32f4xx_hal_i2c.o(i.I2C_MasterTransmit_TXE)
    I2C_MasterTransmit_TXE                   0x080026d7   Thumb Code    40  stm32f4xx_hal_i2c.o(i.I2C_MasterTransmit_TXE)
    i.I2C_RequestMemoryRead                  0x08002700   Section        0  stm32f4xx_hal_i2c.o(i.I2C_RequestMemoryRead)
    I2C_RequestMemoryRead                    0x08002701   Thumb Code   272  stm32f4xx_hal_i2c.o(i.I2C_RequestMemoryRead)
    i.I2C_RequestMemoryWrite                 0x08002814   Section        0  stm32f4xx_hal_i2c.o(i.I2C_RequestMemoryWrite)
    I2C_RequestMemoryWrite                   0x08002815   Thumb Code   172  stm32f4xx_hal_i2c.o(i.I2C_RequestMemoryWrite)
    i.I2C_SlaveReceive_BTF                   0x080028c4   Section        0  stm32f4xx_hal_i2c.o(i.I2C_SlaveReceive_BTF)
    I2C_SlaveReceive_BTF                     0x080028c5   Thumb Code    30  stm32f4xx_hal_i2c.o(i.I2C_SlaveReceive_BTF)
    i.I2C_SlaveReceive_RXNE                  0x080028e2   Section        0  stm32f4xx_hal_i2c.o(i.I2C_SlaveReceive_RXNE)
    I2C_SlaveReceive_RXNE                    0x080028e3   Thumb Code    30  stm32f4xx_hal_i2c.o(i.I2C_SlaveReceive_RXNE)
    i.I2C_SlaveTransmit_BTF                  0x08002900   Section        0  stm32f4xx_hal_i2c.o(i.I2C_SlaveTransmit_BTF)
    I2C_SlaveTransmit_BTF                    0x08002901   Thumb Code    28  stm32f4xx_hal_i2c.o(i.I2C_SlaveTransmit_BTF)
    i.I2C_SlaveTransmit_TXE                  0x0800291c   Section        0  stm32f4xx_hal_i2c.o(i.I2C_SlaveTransmit_TXE)
    I2C_SlaveTransmit_TXE                    0x0800291d   Thumb Code    28  stm32f4xx_hal_i2c.o(i.I2C_SlaveTransmit_TXE)
    i.I2C_Slave_ADDR                         0x08002938   Section        0  stm32f4xx_hal_i2c.o(i.I2C_Slave_ADDR)
    I2C_Slave_ADDR                           0x08002939   Thumb Code    26  stm32f4xx_hal_i2c.o(i.I2C_Slave_ADDR)
    i.I2C_Slave_AF                           0x08002952   Section        0  stm32f4xx_hal_i2c.o(i.I2C_Slave_AF)
    I2C_Slave_AF                             0x08002953   Thumb Code    52  stm32f4xx_hal_i2c.o(i.I2C_Slave_AF)
    i.I2C_Slave_STOPF                        0x08002986   Section        0  stm32f4xx_hal_i2c.o(i.I2C_Slave_STOPF)
    I2C_Slave_STOPF                          0x08002987   Thumb Code    68  stm32f4xx_hal_i2c.o(i.I2C_Slave_STOPF)
    i.I2C_WaitOnFlagUntilTimeout             0x080029ca   Section        0  stm32f4xx_hal_i2c.o(i.I2C_WaitOnFlagUntilTimeout)
    I2C_WaitOnFlagUntilTimeout               0x080029cb   Thumb Code   222  stm32f4xx_hal_i2c.o(i.I2C_WaitOnFlagUntilTimeout)
    i.I2C_WaitOnMasterAddressFlagUntilTimeout 0x08002aa8   Section        0  stm32f4xx_hal_i2c.o(i.I2C_WaitOnMasterAddressFlagUntilTimeout)
    I2C_WaitOnMasterAddressFlagUntilTimeout  0x08002aa9   Thumb Code   170  stm32f4xx_hal_i2c.o(i.I2C_WaitOnMasterAddressFlagUntilTimeout)
    i.Initial_MPU6050                        0x08002b52   Section        0  i2c_treiber.o(i.Initial_MPU6050)
    i.MPU6050_GetRawAccelGyro                0x08002bd8   Section        0  i2c_treiber.o(i.MPU6050_GetRawAccelGyro)
    i.MPU6050_WriteBit                       0x08002c84   Section        0  i2c_treiber.o(i.MPU6050_WriteBit)
    i.MPU6050_WriteBits                      0x08002ce4   Section        0  i2c_treiber.o(i.MPU6050_WriteBits)
    i.MemManage_Handler                      0x08002d58   Section        0  stm32f4xx_it.o(i.MemManage_Handler)
    i.NMI_Handler                            0x08002d5c   Section        0  stm32f4xx_it.o(i.NMI_Handler)
    i.NVIC_GetPriorityGrouping               0x08002d60   Section        0  stm32f4xx_hal_cortex.o(i.NVIC_GetPriorityGrouping)
    NVIC_GetPriorityGrouping                 0x08002d61   Thumb Code    10  stm32f4xx_hal_cortex.o(i.NVIC_GetPriorityGrouping)
    i.NVIC_SetPriority                       0x08002d70   Section        0  stm32f4xx_hal_cortex.o(i.NVIC_SetPriority)
    NVIC_SetPriority                         0x08002d71   Thumb Code    32  stm32f4xx_hal_cortex.o(i.NVIC_SetPriority)
    i.PendSV_Handler                         0x08002d98   Section        0  stm32f4xx_it.o(i.PendSV_Handler)
    i.SCCB_Read                              0x08002d9c   Section        0  i2c_treiber.o(i.SCCB_Read)
    i.SVC_Handler                            0x08002df8   Section        0  stm32f4xx_it.o(i.SVC_Handler)
    i.SysTick_Handler                        0x08002dfa   Section        0  stm32f4xx_it.o(i.SysTick_Handler)
    i.SystemClock_Config                     0x08002e04   Section        0  main.o(i.SystemClock_Config)
    SystemClock_Config                       0x08002e05   Thumb Code   170  main.o(i.SystemClock_Config)
    i.SystemInit                             0x08002ebc   Section        0  system_stm32f4xx.o(i.SystemInit)
    i.USART3_Control                         0x08002f20   Section        0  usart_stm32f4xx.o(i.USART3_Control)
    USART3_Control                           0x08002f21   Thumb Code    18  usart_stm32f4xx.o(i.USART3_Control)
    i.USART3_GetCapabilities                 0x08002f38   Section        0  usart_stm32f4xx.o(i.USART3_GetCapabilities)
    USART3_GetCapabilities                   0x08002f39   Thumb Code    12  usart_stm32f4xx.o(i.USART3_GetCapabilities)
    i.USART3_GetModemStatus                  0x08002f48   Section        0  usart_stm32f4xx.o(i.USART3_GetModemStatus)
    USART3_GetModemStatus                    0x08002f49   Thumb Code    12  usart_stm32f4xx.o(i.USART3_GetModemStatus)
    i.USART3_GetRxCount                      0x08002f58   Section        0  usart_stm32f4xx.o(i.USART3_GetRxCount)
    USART3_GetRxCount                        0x08002f59   Thumb Code    10  usart_stm32f4xx.o(i.USART3_GetRxCount)
    i.USART3_GetStatus                       0x08002f68   Section        0  usart_stm32f4xx.o(i.USART3_GetStatus)
    USART3_GetStatus                         0x08002f69   Thumb Code    12  usart_stm32f4xx.o(i.USART3_GetStatus)
    i.USART3_GetTxCount                      0x08002f78   Section        0  usart_stm32f4xx.o(i.USART3_GetTxCount)
    USART3_GetTxCount                        0x08002f79   Thumb Code    10  usart_stm32f4xx.o(i.USART3_GetTxCount)
    i.USART3_IRQHandler                      0x08002f88   Section        0  usart_stm32f4xx.o(i.USART3_IRQHandler)
    i.USART3_Initialize                      0x08002f98   Section        0  usart_stm32f4xx.o(i.USART3_Initialize)
    USART3_Initialize                        0x08002f99   Thumb Code    14  usart_stm32f4xx.o(i.USART3_Initialize)
    i.USART3_PowerControl                    0x08002fac   Section        0  usart_stm32f4xx.o(i.USART3_PowerControl)
    USART3_PowerControl                      0x08002fad   Thumb Code    14  usart_stm32f4xx.o(i.USART3_PowerControl)
    i.USART3_Receive                         0x08002fc0   Section        0  usart_stm32f4xx.o(i.USART3_Receive)
    USART3_Receive                           0x08002fc1   Thumb Code    18  usart_stm32f4xx.o(i.USART3_Receive)
    i.USART3_Send                            0x08002fd8   Section        0  usart_stm32f4xx.o(i.USART3_Send)
    USART3_Send                              0x08002fd9   Thumb Code    18  usart_stm32f4xx.o(i.USART3_Send)
    i.USART3_SetModemControl                 0x08002ff0   Section        0  usart_stm32f4xx.o(i.USART3_SetModemControl)
    USART3_SetModemControl                   0x08002ff1   Thumb Code    14  usart_stm32f4xx.o(i.USART3_SetModemControl)
    i.USART3_Transfer                        0x08003004   Section        0  usart_stm32f4xx.o(i.USART3_Transfer)
    USART3_Transfer                          0x08003005   Thumb Code    22  usart_stm32f4xx.o(i.USART3_Transfer)
    i.USART3_Uninitialize                    0x08003020   Section        0  usart_stm32f4xx.o(i.USART3_Uninitialize)
    USART3_Uninitialize                      0x08003021   Thumb Code    10  usart_stm32f4xx.o(i.USART3_Uninitialize)
    i.USART_Control                          0x08003030   Section        0  usart_stm32f4xx.o(i.USART_Control)
    USART_Control                            0x08003031   Thumb Code  2210  usart_stm32f4xx.o(i.USART_Control)
    i.USART_GetCapabilities                  0x080038d2   Section        0  usart_stm32f4xx.o(i.USART_GetCapabilities)
    USART_GetCapabilities                    0x080038d3   Thumb Code     6  usart_stm32f4xx.o(i.USART_GetCapabilities)
    i.USART_GetModemStatus                   0x080038d8   Section        0  usart_stm32f4xx.o(i.USART_GetModemStatus)
    USART_GetModemStatus                     0x080038d9   Thumb Code    90  usart_stm32f4xx.o(i.USART_GetModemStatus)
    i.USART_GetRxCount                       0x08003932   Section        0  usart_stm32f4xx.o(i.USART_GetRxCount)
    USART_GetRxCount                         0x08003933   Thumb Code     8  usart_stm32f4xx.o(i.USART_GetRxCount)
    i.USART_GetStatus                        0x0800393a   Section        0  usart_stm32f4xx.o(i.USART_GetStatus)
    USART_GetStatus                          0x0800393b   Thumb Code   118  usart_stm32f4xx.o(i.USART_GetStatus)
    i.USART_GetTxCount                       0x080039b0   Section        0  usart_stm32f4xx.o(i.USART_GetTxCount)
    USART_GetTxCount                         0x080039b1   Thumb Code     8  usart_stm32f4xx.o(i.USART_GetTxCount)
    i.USART_IRQHandler                       0x080039b8   Section        0  usart_stm32f4xx.o(i.USART_IRQHandler)
    i.USART_Initialize                       0x08003c14   Section        0  usart_stm32f4xx.o(i.USART_Initialize)
    USART_Initialize                         0x08003c15   Thumb Code   138  usart_stm32f4xx.o(i.USART_Initialize)
    i.USART_PeripheralReset                  0x08003ca0   Section        0  usart_stm32f4xx.o(i.USART_PeripheralReset)
    USART_PeripheralReset                    0x08003ca1   Thumb Code   278  usart_stm32f4xx.o(i.USART_PeripheralReset)
    i.USART_PowerControl                     0x08003dd4   Section        0  usart_stm32f4xx.o(i.USART_PowerControl)
    USART_PowerControl                       0x08003dd5   Thumb Code   622  usart_stm32f4xx.o(i.USART_PowerControl)
    i.USART_Receive                          0x08004064   Section        0  usart_stm32f4xx.o(i.USART_Receive)
    USART_Receive                            0x08004065   Thumb Code   162  usart_stm32f4xx.o(i.USART_Receive)
    i.USART_Send                             0x08004106   Section        0  usart_stm32f4xx.o(i.USART_Send)
    USART_Send                               0x08004107   Thumb Code   136  usart_stm32f4xx.o(i.USART_Send)
    i.USART_SetModemControl                  0x0800418e   Section        0  usart_stm32f4xx.o(i.USART_SetModemControl)
    USART_SetModemControl                    0x0800418f   Thumb Code   114  usart_stm32f4xx.o(i.USART_SetModemControl)
    i.USART_Transfer                         0x08004200   Section        0  usart_stm32f4xx.o(i.USART_Transfer)
    USART_Transfer                           0x08004201   Thumb Code   106  usart_stm32f4xx.o(i.USART_Transfer)
    i.USART_Uninitialize                     0x0800426a   Section        0  usart_stm32f4xx.o(i.USART_Uninitialize)
    USART_Uninitialize                       0x0800426b   Thumb Code    82  usart_stm32f4xx.o(i.USART_Uninitialize)
    i.USARTx_GetVersion                      0x080042bc   Section        0  usart_stm32f4xx.o(i.USARTx_GetVersion)
    USARTx_GetVersion                        0x080042bd   Thumb Code    10  usart_stm32f4xx.o(i.USARTx_GetVersion)
    i.UsageFault_Handler                     0x080042cc   Section        0  stm32f4xx_it.o(i.UsageFault_Handler)
    i.__0printf$5                            0x080042d0   Section        0  printf5.o(i.__0printf$5)
    i.__scatterload_copy                     0x080042f0   Section       14  handlers.o(i.__scatterload_copy)
    i.__scatterload_null                     0x080042fe   Section        2  handlers.o(i.__scatterload_null)
    i.__scatterload_zeroinit                 0x08004300   Section       14  handlers.o(i.__scatterload_zeroinit)
    i._printf_core                           0x08004310   Section        0  printf5.o(i._printf_core)
    _printf_core                             0x08004311   Thumb Code   658  printf5.o(i._printf_core)
    i.buildCommand                           0x080045d0   Section        0  stdout_usart.o(i.buildCommand)
    i.fputc                                  0x080046cc   Section        0  retarget_io.o(i.fputc)
    i.initMPU                                0x080046fc   Section        0  i2c_treiber.o(i.initMPU)
    i.kommuHandler                           0x08004788   Section        0  stdout_usart.o(i.kommuHandler)
    i.lowPassFilterGyro                      0x08004864   Section        0  daten_filter.o(i.lowPassFilterGyro)
    i.main                                   0x08004950   Section        0  main.o(i.main)
    i.myUSART_callback                       0x08004a00   Section        0  stdout_usart.o(i.myUSART_callback)
    i.puts                                   0x08004a54   Section        0  puts.o(i.puts)
    i.sendCommand                            0x08004a78   Section        0  stdout_usart.o(i.sendCommand)
    i.startRec                               0x08004aa0   Section        0  stdout_usart.o(i.startRec)
    i.std_init                               0x08004ac0   Section        0  stdout_usart.o(i.std_init)
    i.stderr_putchar                         0x08004b28   Section        0  stdout_usart.o(i.stderr_putchar)
    i.stdout_putchar                         0x08004b34   Section        0  stdout_usart.o(i.stdout_putchar)
    .constdata                               0x08004b64   Section      128  usart_stm32f4xx.o(.constdata)
    usart_driver_version                     0x08004b64   Data           4  usart_stm32f4xx.o(.constdata)
    USART3_tx                                0x08004b68   Data           8  usart_stm32f4xx.o(.constdata)
    USART3_rx                                0x08004b70   Data           8  usart_stm32f4xx.o(.constdata)
    USART3_Resources                         0x08004b78   Data          52  usart_stm32f4xx.o(.constdata)
    .constdata                               0x08004be4   Section        8  stm32f4xx_hal_dma.o(.constdata)
    flagBitshiftOffset                       0x08004be4   Data           8  stm32f4xx_hal_dma.o(.constdata)
    .constdata                               0x08004bec   Section       16  stm32f4xx_hal_rcc.o(.constdata)
    .data                                    0x20000000   Section       14  stdout_usart.o(.data)
    kommuConnected                           0x20000000   Data           1  stdout_usart.o(.data)
    kommuNoPing                              0x20000001   Data           1  stdout_usart.o(.data)
    currentPos                               0x20000004   Data           4  stdout_usart.o(.data)
    commandPos                               0x20000008   Data           4  stdout_usart.o(.data)
    reciving                                 0x2000000c   Data           1  stdout_usart.o(.data)
    gotStart                                 0x2000000d   Data           1  stdout_usart.o(.data)
    .data                                    0x20000010   Section        4  i2c_treiber.o(.data)
    last                                     0x20000010   Data           4  i2c_treiber.o(.data)
    .data                                    0x20000014   Section       12  globals.o(.data)
    uwTick                                   0x20000018   Data           4  globals.o(.data)
    uwTick10u                                0x2000001c   Data           4  globals.o(.data)
    .data                                    0x20000020   Section        8  daten_filter.o(.data)
    gettingGyroOffset                        0x20000020   Data           1  daten_filter.o(.data)
    gyroOffsetSamples                        0x20000024   Data           4  daten_filter.o(.data)
    .data                                    0x20000028   Section        4  system_stm32f4xx.o(.data)
    .data                                    0x2000002c   Section        4  stdout.o(.data)
    .data                                    0x20000030   Section        4  stderr.o(.data)
    .bss                                     0x20000034   Section      110  stdout_usart.o(.bss)
    input_buf                                0x20000034   Data         100  stdout_usart.o(.bss)
    command                                  0x20000098   Data          10  stdout_usart.o(.bss)
    .bss                                     0x200000a4   Section      264  i2c_treiber.o(.bss)
    hnd                                      0x200000a4   Data          60  i2c_treiber.o(.bss)
    hndDMArx                                 0x200000e0   Data          88  i2c_treiber.o(.bss)
    hndDMAtx                                 0x20000138   Data          88  i2c_treiber.o(.bss)
    buffer                                   0x20000190   Data          14  i2c_treiber.o(.bss)
    tmpBuffer                                0x2000019e   Data          14  i2c_treiber.o(.bss)
    .bss                                     0x200001ac   Section       52  globals.o(.bss)
    .bss                                     0x200001e0   Section       12  daten_filter.o(.bss)
    gyroOffsets                              0x200001e0   Data          12  daten_filter.o(.bss)
    .bss                                     0x200001ec   Section       56  usart_stm32f4xx.o(.bss)
    USART3_Info                              0x200001ec   Data          20  usart_stm32f4xx.o(.bss)
    USART3_TransferInfo                      0x20000200   Data          36  usart_stm32f4xx.o(.bss)
    STACK                                    0x20000228   Section     1024  startup_stm32f407xx.o(STACK)

    Global Symbols

    Symbol Name                              Value     Ov Type        Size  Object(Section)

    BuildAttributes$$THM_ISAv4$E$P$D$K$B$S$7EM$VFPi3$EXTD16$VFPS$VFMA$PE$A:L22UL41UL21$X:L11$S22US41US21$IEEE1$IW$USESV6$~STKCKD$USESV7$~SHL$OSPACE$ROPI$EBA8$MICROLIB$REQ8$PRES8$EABIv2 0x00000000   Number         0  anon$$obj.o ABSOLUTE
    __ARM_use_no_argv                        0x00000000   Number         0  main.o ABSOLUTE
    _printf_a                                0x00000000   Number         0  stubs.o ABSOLUTE
    _printf_c                                0x00000000   Number         0  stubs.o ABSOLUTE
    _printf_charcount                        0x00000000   Number         0  stubs.o ABSOLUTE
    _printf_d                                0x00000000   Number         0  stubs.o ABSOLUTE
    _printf_e                                0x00000000   Number         0  stubs.o ABSOLUTE
    _printf_f                                0x00000000   Number         0  stubs.o ABSOLUTE
    _printf_flags                            0x00000000   Number         0  stubs.o ABSOLUTE
    _printf_fp_dec                           0x00000000   Number         0  stubs.o ABSOLUTE
    _printf_fp_hex                           0x00000000   Number         0  stubs.o ABSOLUTE
    _printf_g                                0x00000000   Number         0  stubs.o ABSOLUTE
    _printf_i                                0x00000000   Number         0  stubs.o ABSOLUTE
    _printf_int_dec                          0x00000000   Number         0  stubs.o ABSOLUTE
    _printf_l                                0x00000000   Number         0  stubs.o ABSOLUTE
    _printf_lc                               0x00000000   Number         0  stubs.o ABSOLUTE
    _printf_ll                               0x00000000   Number         0  stubs.o ABSOLUTE
    _printf_lld                              0x00000000   Number         0  stubs.o ABSOLUTE
    _printf_lli                              0x00000000   Number         0  stubs.o ABSOLUTE
    _printf_llo                              0x00000000   Number         0  stubs.o ABSOLUTE
    _printf_llu                              0x00000000   Number         0  stubs.o ABSOLUTE
    _printf_llx                              0x00000000   Number         0  stubs.o ABSOLUTE
    _printf_longlong_dec                     0x00000000   Number         0  stubs.o ABSOLUTE
    _printf_longlong_hex                     0x00000000   Number         0  stubs.o ABSOLUTE
    _printf_longlong_oct                     0x00000000   Number         0  stubs.o ABSOLUTE
    _printf_ls                               0x00000000   Number         0  stubs.o ABSOLUTE
    _printf_mbtowc                           0x00000000   Number         0  stubs.o ABSOLUTE
    _printf_n                                0x00000000   Number         0  stubs.o ABSOLUTE
    _printf_o                                0x00000000   Number         0  stubs.o ABSOLUTE
    _printf_p                                0x00000000   Number         0  stubs.o ABSOLUTE
    _printf_percent                          0x00000000   Number         0  stubs.o ABSOLUTE
    _printf_pre_padding                      0x00000000   Number         0  stubs.o ABSOLUTE
    _printf_return_value                     0x00000000   Number         0  stubs.o ABSOLUTE
    _printf_s                                0x00000000   Number         0  stubs.o ABSOLUTE
    _printf_sizespec                         0x00000000   Number         0  stubs.o ABSOLUTE
    _printf_str                              0x00000000   Number         0  stubs.o ABSOLUTE
    _printf_truncate_signed                  0x00000000   Number         0  stubs.o ABSOLUTE
    _printf_truncate_unsigned                0x00000000   Number         0  stubs.o ABSOLUTE
    _printf_u                                0x00000000   Number         0  stubs.o ABSOLUTE
    _printf_wc                               0x00000000   Number         0  stubs.o ABSOLUTE
    _printf_wctomb                           0x00000000   Number         0  stubs.o ABSOLUTE
    _printf_widthprec                        0x00000000   Number         0  stubs.o ABSOLUTE
    _printf_x                                0x00000000   Number         0  stubs.o ABSOLUTE
    __cpp_initialize__aeabi_                  - Undefined Weak Reference
    __cxa_finalize                            - Undefined Weak Reference
    __decompress                              - Undefined Weak Reference
    _clock_init                               - Undefined Weak Reference
    _microlib_exit                            - Undefined Weak Reference
    __Vectors_Size                           0x00000188   Number         0  startup_stm32f407xx.o ABSOLUTE
    __Vectors                                0x08000000   Data           4  startup_stm32f407xx.o(RESET)
    __Vectors_End                            0x08000188   Data           0  startup_stm32f407xx.o(RESET)
    __main                                   0x08000189   Thumb Code     0  entry.o(.ARM.Collect$$$$00000000)
    _main_stk                                0x08000189   Thumb Code     0  entry2.o(.ARM.Collect$$$$00000001)
    _main_scatterload                        0x0800018d   Thumb Code     0  entry5.o(.ARM.Collect$$$$00000004)
    __main_after_scatterload                 0x08000191   Thumb Code     0  entry5.o(.ARM.Collect$$$$00000004)
    _main_clock                              0x08000191   Thumb Code     0  entry7b.o(.ARM.Collect$$$$00000008)
    _main_cpp_init                           0x08000191   Thumb Code     0  entry8b.o(.ARM.Collect$$$$0000000A)
    _main_init                               0x08000191   Thumb Code     0  entry9a.o(.ARM.Collect$$$$0000000B)
    __rt_final_cpp                           0x08000199   Thumb Code     0  entry10a.o(.ARM.Collect$$$$0000000D)
    __rt_final_exit                          0x08000199   Thumb Code     0  entry11a.o(.ARM.Collect$$$$0000000F)
    Reset_Handler                            0x0800019d   Thumb Code     8  startup_stm32f407xx.o(.text)
    ADC_IRQHandler                           0x080001b7   Thumb Code     0  startup_stm32f407xx.o(.text)
    CAN1_RX0_IRQHandler                      0x080001b7   Thumb Code     0  startup_stm32f407xx.o(.text)
    CAN1_RX1_IRQHandler                      0x080001b7   Thumb Code     0  startup_stm32f407xx.o(.text)
    CAN1_SCE_IRQHandler                      0x080001b7   Thumb Code     0  startup_stm32f407xx.o(.text)
    CAN1_TX_IRQHandler                       0x080001b7   Thumb Code     0  startup_stm32f407xx.o(.text)
    CAN2_RX0_IRQHandler                      0x080001b7   Thumb Code     0  startup_stm32f407xx.o(.text)
    CAN2_RX1_IRQHandler                      0x080001b7   Thumb Code     0  startup_stm32f407xx.o(.text)
    CAN2_SCE_IRQHandler                      0x080001b7   Thumb Code     0  startup_stm32f407xx.o(.text)
    CAN2_TX_IRQHandler                       0x080001b7   Thumb Code     0  startup_stm32f407xx.o(.text)
    DCMI_IRQHandler                          0x080001b7   Thumb Code     0  startup_stm32f407xx.o(.text)
    DMA1_Stream0_IRQHandler                  0x080001b7   Thumb Code     0  startup_stm32f407xx.o(.text)
    DMA1_Stream1_IRQHandler                  0x080001b7   Thumb Code     0  startup_stm32f407xx.o(.text)
    DMA1_Stream2_IRQHandler                  0x080001b7   Thumb Code     0  startup_stm32f407xx.o(.text)
    DMA1_Stream3_IRQHandler                  0x080001b7   Thumb Code     0  startup_stm32f407xx.o(.text)
    DMA1_Stream4_IRQHandler                  0x080001b7   Thumb Code     0  startup_stm32f407xx.o(.text)
    DMA1_Stream7_IRQHandler                  0x080001b7   Thumb Code     0  startup_stm32f407xx.o(.text)
    DMA2_Stream0_IRQHandler                  0x080001b7   Thumb Code     0  startup_stm32f407xx.o(.text)
    DMA2_Stream1_IRQHandler                  0x080001b7   Thumb Code     0  startup_stm32f407xx.o(.text)
    DMA2_Stream2_IRQHandler                  0x080001b7   Thumb Code     0  startup_stm32f407xx.o(.text)
    DMA2_Stream3_IRQHandler                  0x080001b7   Thumb Code     0  startup_stm32f407xx.o(.text)
    DMA2_Stream4_IRQHandler                  0x080001b7   Thumb Code     0  startup_stm32f407xx.o(.text)
    DMA2_Stream5_IRQHandler                  0x080001b7   Thumb Code     0  startup_stm32f407xx.o(.text)
    DMA2_Stream6_IRQHandler                  0x080001b7   Thumb Code     0  startup_stm32f407xx.o(.text)
    DMA2_Stream7_IRQHandler                  0x080001b7   Thumb Code     0  startup_stm32f407xx.o(.text)
    ETH_IRQHandler                           0x080001b7   Thumb Code     0  startup_stm32f407xx.o(.text)
    ETH_WKUP_IRQHandler                      0x080001b7   Thumb Code     0  startup_stm32f407xx.o(.text)
    EXTI0_IRQHandler                         0x080001b7   Thumb Code     0  startup_stm32f407xx.o(.text)
    EXTI15_10_IRQHandler                     0x080001b7   Thumb Code     0  startup_stm32f407xx.o(.text)
    EXTI1_IRQHandler                         0x080001b7   Thumb Code     0  startup_stm32f407xx.o(.text)
    EXTI2_IRQHandler                         0x080001b7   Thumb Code     0  startup_stm32f407xx.o(.text)
    EXTI4_IRQHandler                         0x080001b7   Thumb Code     0  startup_stm32f407xx.o(.text)
    EXTI9_5_IRQHandler                       0x080001b7   Thumb Code     0  startup_stm32f407xx.o(.text)
    FLASH_IRQHandler                         0x080001b7   Thumb Code     0  startup_stm32f407xx.o(.text)
    FMC_IRQHandler                           0x080001b7   Thumb Code     0  startup_stm32f407xx.o(.text)
    FPU_IRQHandler                           0x080001b7   Thumb Code     0  startup_stm32f407xx.o(.text)
    HASH_RNG_IRQHandler                      0x080001b7   Thumb Code     0  startup_stm32f407xx.o(.text)
    I2C2_ER_IRQHandler                       0x080001b7   Thumb Code     0  startup_stm32f407xx.o(.text)
    I2C2_EV_IRQHandler                       0x080001b7   Thumb Code     0  startup_stm32f407xx.o(.text)
    I2C3_ER_IRQHandler                       0x080001b7   Thumb Code     0  startup_stm32f407xx.o(.text)
    I2C3_EV_IRQHandler                       0x080001b7   Thumb Code     0  startup_stm32f407xx.o(.text)
    OTG_FS_IRQHandler                        0x080001b7   Thumb Code     0  startup_stm32f407xx.o(.text)
    OTG_FS_WKUP_IRQHandler                   0x080001b7   Thumb Code     0  startup_stm32f407xx.o(.text)
    OTG_HS_EP1_IN_IRQHandler                 0x080001b7   Thumb Code     0  startup_stm32f407xx.o(.text)
    OTG_HS_EP1_OUT_IRQHandler                0x080001b7   Thumb Code     0  startup_stm32f407xx.o(.text)
    OTG_HS_IRQHandler                        0x080001b7   Thumb Code     0  startup_stm32f407xx.o(.text)
    OTG_HS_WKUP_IRQHandler                   0x080001b7   Thumb Code     0  startup_stm32f407xx.o(.text)
    PVD_IRQHandler                           0x080001b7   Thumb Code     0  startup_stm32f407xx.o(.text)
    RCC_IRQHandler                           0x080001b7   Thumb Code     0  startup_stm32f407xx.o(.text)
    RTC_Alarm_IRQHandler                     0x080001b7   Thumb Code     0  startup_stm32f407xx.o(.text)
    RTC_WKUP_IRQHandler                      0x080001b7   Thumb Code     0  startup_stm32f407xx.o(.text)
    SDIO_IRQHandler                          0x080001b7   Thumb Code     0  startup_stm32f407xx.o(.text)
    SPI1_IRQHandler                          0x080001b7   Thumb Code     0  startup_stm32f407xx.o(.text)
    SPI2_IRQHandler                          0x080001b7   Thumb Code     0  startup_stm32f407xx.o(.text)
    SPI3_IRQHandler                          0x080001b7   Thumb Code     0  startup_stm32f407xx.o(.text)
    TAMP_STAMP_IRQHandler                    0x080001b7   Thumb Code     0  startup_stm32f407xx.o(.text)
    TIM1_BRK_TIM9_IRQHandler                 0x080001b7   Thumb Code     0  startup_stm32f407xx.o(.text)
    TIM1_CC_IRQHandler                       0x080001b7   Thumb Code     0  startup_stm32f407xx.o(.text)
    TIM1_TRG_COM_TIM11_IRQHandler            0x080001b7   Thumb Code     0  startup_stm32f407xx.o(.text)
    TIM1_UP_TIM10_IRQHandler                 0x080001b7   Thumb Code     0  startup_stm32f407xx.o(.text)
    TIM2_IRQHandler                          0x080001b7   Thumb Code     0  startup_stm32f407xx.o(.text)
    TIM3_IRQHandler                          0x080001b7   Thumb Code     0  startup_stm32f407xx.o(.text)
    TIM4_IRQHandler                          0x080001b7   Thumb Code     0  startup_stm32f407xx.o(.text)
    TIM5_IRQHandler                          0x080001b7   Thumb Code     0  startup_stm32f407xx.o(.text)
    TIM6_DAC_IRQHandler                      0x080001b7   Thumb Code     0  startup_stm32f407xx.o(.text)
    TIM7_IRQHandler                          0x080001b7   Thumb Code     0  startup_stm32f407xx.o(.text)
    TIM8_BRK_TIM12_IRQHandler                0x080001b7   Thumb Code     0  startup_stm32f407xx.o(.text)
    TIM8_CC_IRQHandler                       0x080001b7   Thumb Code     0  startup_stm32f407xx.o(.text)
    TIM8_TRG_COM_TIM14_IRQHandler            0x080001b7   Thumb Code     0  startup_stm32f407xx.o(.text)
    TIM8_UP_TIM13_IRQHandler                 0x080001b7   Thumb Code     0  startup_stm32f407xx.o(.text)
    UART4_IRQHandler                         0x080001b7   Thumb Code     0  startup_stm32f407xx.o(.text)
    UART5_IRQHandler                         0x080001b7   Thumb Code     0  startup_stm32f407xx.o(.text)
    USART1_IRQHandler                        0x080001b7   Thumb Code     0  startup_stm32f407xx.o(.text)
    USART2_IRQHandler                        0x080001b7   Thumb Code     0  startup_stm32f407xx.o(.text)
    USART6_IRQHandler                        0x080001b7   Thumb Code     0  startup_stm32f407xx.o(.text)
    WWDG_IRQHandler                          0x080001b7   Thumb Code     0  startup_stm32f407xx.o(.text)
    __aeabi_memset                           0x080001c1   Thumb Code    14  memseta.o(.text)
    __aeabi_memset4                          0x080001c1   Thumb Code     0  memseta.o(.text)
    __aeabi_memset8                          0x080001c1   Thumb Code     0  memseta.o(.text)
    __aeabi_memclr                           0x080001cf   Thumb Code     4  memseta.o(.text)
    __aeabi_memclr4                          0x080001cf   Thumb Code     0  memseta.o(.text)
    __aeabi_memclr8                          0x080001cf   Thumb Code     0  memseta.o(.text)
    _memset$wrapper                          0x080001d3   Thumb Code    18  memseta.o(.text)
    __aeabi_uldivmod                         0x080001e5   Thumb Code    98  uldiv.o(.text)
    __scatterload                            0x08000249   Thumb Code    28  init.o(.text)
    __scatterload_rt2                        0x08000249   Thumb Code     0  init.o(.text)
    __aeabi_llsl                             0x0800026d   Thumb Code    30  llshl.o(.text)
    _ll_shift_l                              0x0800026d   Thumb Code     0  llshl.o(.text)
    __aeabi_llsr                             0x0800028b   Thumb Code    32  llushr.o(.text)
    _ll_ushift_r                             0x0800028b   Thumb Code     0  llushr.o(.text)
    BusFault_Handler                         0x080002ab   Thumb Code     4  stm32f4xx_it.o(i.BusFault_Handler)
    DMA1_Stream5_IRQHandler                  0x080002b1   Thumb Code    12  i2c_treiber.o(i.DMA1_Stream5_IRQHandler)
    DMA1_Stream6_IRQHandler                  0x080002c1   Thumb Code    12  i2c_treiber.o(i.DMA1_Stream6_IRQHandler)
    DebugMon_Handler                         0x08000331   Thumb Code     2  stm32f4xx_it.o(i.DebugMon_Handler)
    EXTI3_IRQHandler                         0x08000335   Thumb Code    46  i2c_treiber.o(i.EXTI3_IRQHandler)
    Get_Gyro_Offset_Start                    0x080004d5   Thumb Code    14  daten_filter.o(i.Get_Gyro_Offset_Start)
    Get_Gyro_Offset_Stopp                    0x080004ed   Thumb Code    56  daten_filter.o(i.Get_Gyro_Offset_Stopp)
    HAL_DMA_Abort                            0x08000531   Thumb Code    94  stm32f4xx_hal_dma.o(i.HAL_DMA_Abort)
    HAL_DMA_IRQHandler                       0x08000591   Thumb Code   530  stm32f4xx_hal_dma.o(i.HAL_DMA_IRQHandler)
    HAL_DMA_Init                             0x080007a9   Thumb Code   128  stm32f4xx_hal_dma.o(i.HAL_DMA_Init)
    HAL_DMA_Start_IT                         0x0800082d   Thumb Code   106  stm32f4xx_hal_dma.o(i.HAL_DMA_Start_IT)
    HAL_Delay                                0x08000897   Thumb Code    26  globals.o(i.HAL_Delay)
    HAL_GPIO_DeInit                          0x080008b1   Thumb Code   326  stm32f4xx_hal_gpio.o(i.HAL_GPIO_DeInit)
    HAL_GPIO_EXTI_Callback                   0x08000a25   Thumb Code     2  stm32f4xx_hal_gpio.o(i.HAL_GPIO_EXTI_Callback)
    HAL_GPIO_EXTI_IRQHandler                 0x08000a29   Thumb Code    24  stm32f4xx_hal_gpio.o(i.HAL_GPIO_EXTI_IRQHandler)
    HAL_GPIO_Init                            0x08000a45   Thumb Code   472  stm32f4xx_hal_gpio.o(i.HAL_GPIO_Init)
    HAL_GPIO_ReadPin                         0x08000c4d   Thumb Code    16  stm32f4xx_hal_gpio.o(i.HAL_GPIO_ReadPin)
    HAL_GPIO_TogglePin                       0x08000c5d   Thumb Code     8  stm32f4xx_hal_gpio.o(i.HAL_GPIO_TogglePin)
    HAL_GPIO_WritePin                        0x08000c65   Thumb Code    12  stm32f4xx_hal_gpio.o(i.HAL_GPIO_WritePin)
    HAL_GetREVID                             0x08000c71   Thumb Code     8  stm32f4xx_hal.o(i.HAL_GetREVID)
    HAL_GetTick                              0x08000c7d   Thumb Code     6  globals.o(i.HAL_GetTick)
    HAL_GetTick10u                           0x08000c89   Thumb Code     6  globals.o(i.HAL_GetTick10u)
    HAL_I2C_DeInit                           0x08000c95   Thumb Code    54  stm32f4xx_hal_i2c.o(i.HAL_I2C_DeInit)
    HAL_I2C_ER_IRQHandler                    0x08000ccb   Thumb Code   226  stm32f4xx_hal_i2c.o(i.HAL_I2C_ER_IRQHandler)
    HAL_I2C_EV_IRQHandler                    0x08000dad   Thumb Code   370  stm32f4xx_hal_i2c.o(i.HAL_I2C_EV_IRQHandler)
    HAL_I2C_ErrorCallback                    0x08000f1f   Thumb Code     2  stm32f4xx_hal_i2c.o(i.HAL_I2C_ErrorCallback)
    HAL_I2C_GetState                         0x08000f21   Thumb Code     8  stm32f4xx_hal_i2c.o(i.HAL_I2C_GetState)
    HAL_I2C_Init                             0x08000f29   Thumb Code   278  stm32f4xx_hal_i2c.o(i.HAL_I2C_Init)
    HAL_I2C_MasterRxCpltCallback             0x08001049   Thumb Code     2  stm32f4xx_hal_i2c.o(i.HAL_I2C_MasterRxCpltCallback)
    HAL_I2C_MasterTxCpltCallback             0x0800104b   Thumb Code     2  stm32f4xx_hal_i2c.o(i.HAL_I2C_MasterTxCpltCallback)
    HAL_I2C_Master_Receive                   0x0800104d   Thumb Code   554  stm32f4xx_hal_i2c.o(i.HAL_I2C_Master_Receive)
    HAL_I2C_Master_Transmit                  0x08001281   Thumb Code   274  stm32f4xx_hal_i2c.o(i.HAL_I2C_Master_Transmit)
    HAL_I2C_MemRxCpltCallback                0x0800139d   Thumb Code     2  stm32f4xx_hal_i2c.o(i.HAL_I2C_MemRxCpltCallback)
    HAL_I2C_MemTxCpltCallback                0x0800139f   Thumb Code     2  stm32f4xx_hal_i2c.o(i.HAL_I2C_MemTxCpltCallback)
    HAL_I2C_Mem_Read                         0x080013a1   Thumb Code   548  stm32f4xx_hal_i2c.o(i.HAL_I2C_Mem_Read)
    HAL_I2C_Mem_Read_DMA                     0x080015cd   Thumb Code   262  stm32f4xx_hal_i2c.o(i.HAL_I2C_Mem_Read_DMA)
    HAL_I2C_Mem_Write                        0x080016e1   Thumb Code   262  stm32f4xx_hal_i2c.o(i.HAL_I2C_Mem_Write)
    HAL_I2C_MspDeInit                        0x080017f1   Thumb Code     2  stm32f4xx_hal_i2c.o(i.HAL_I2C_MspDeInit)
    HAL_I2C_MspInit                          0x080017f5   Thumb Code   402  i2c_treiber.o(i.HAL_I2C_MspInit)
    HAL_I2C_SlaveRxCpltCallback              0x080019a1   Thumb Code     2  stm32f4xx_hal_i2c.o(i.HAL_I2C_SlaveRxCpltCallback)
    HAL_I2C_SlaveTxCpltCallback              0x080019a3   Thumb Code     2  stm32f4xx_hal_i2c.o(i.HAL_I2C_SlaveTxCpltCallback)
    HAL_IncTick                              0x080019a5   Thumb Code    26  globals.o(i.HAL_IncTick)
    HAL_Init                                 0x080019c9   Thumb Code    54  stm32f4xx_hal.o(i.HAL_Init)
    HAL_InitTick                             0x08001a05   Thumb Code    34  globals.o(i.HAL_InitTick)
    HAL_MspInit                              0x08001a2d   Thumb Code     2  stm32f4xx_hal.o(i.HAL_MspInit)
    HAL_NVIC_ClearPendingIRQ                 0x08001a31   Thumb Code    22  stm32f4xx_hal_cortex.o(i.HAL_NVIC_ClearPendingIRQ)
    HAL_NVIC_DisableIRQ                      0x08001a4d   Thumb Code    22  stm32f4xx_hal_cortex.o(i.HAL_NVIC_DisableIRQ)
    HAL_NVIC_EnableIRQ                       0x08001a69   Thumb Code    26  stm32f4xx_hal_cortex.o(i.HAL_NVIC_EnableIRQ)
    HAL_NVIC_SetPriority                     0x08001a83   Thumb Code   124  stm32f4xx_hal_cortex.o(i.HAL_NVIC_SetPriority)
    HAL_NVIC_SetPriorityGrouping             0x08001b01   Thumb Code    32  stm32f4xx_hal_cortex.o(i.HAL_NVIC_SetPriorityGrouping)
    HAL_RCC_ClockConfig                      0x08001b29   Thumb Code   680  stm32f4xx_hal_rcc.o(i.HAL_RCC_ClockConfig)
    HAL_RCC_GetHCLKFreq                      0x08001dd9   Thumb Code    42  stm32f4xx_hal_rcc.o(i.HAL_RCC_GetHCLKFreq)
    HAL_RCC_GetPCLK1Freq                     0x08001e11   Thumb Code    36  stm32f4xx_hal_rcc.o(i.HAL_RCC_GetPCLK1Freq)
    HAL_RCC_GetSysClockFreq                  0x08001e3d   Thumb Code   168  stm32f4xx_hal_rcc.o(i.HAL_RCC_GetSysClockFreq)
    HAL_RCC_OscConfig                        0x08001ef1   Thumb Code  1028  stm32f4xx_hal_rcc.o(i.HAL_RCC_OscConfig)
    HAL_SYSTICK_Config                       0x080022f5   Thumb Code    52  stm32f4xx_hal_cortex.o(i.HAL_SYSTICK_Config)
    HardFault_Handler                        0x08002329   Thumb Code     4  stm32f4xx_it.o(i.HardFault_Handler)
    I2C1_ER_IRQHandler                       0x0800232d   Thumb Code    10  i2c_treiber.o(i.I2C1_ER_IRQHandler)
    I2C1_EV_IRQHandler                       0x0800233d   Thumb Code    10  i2c_treiber.o(i.I2C1_EV_IRQHandler)
    Initial_MPU6050                          0x08002b53   Thumb Code   134  i2c_treiber.o(i.Initial_MPU6050)
    MPU6050_GetRawAccelGyro                  0x08002bd9   Thumb Code   160  i2c_treiber.o(i.MPU6050_GetRawAccelGyro)
    MPU6050_WriteBit                         0x08002c85   Thumb Code    92  i2c_treiber.o(i.MPU6050_WriteBit)
    MPU6050_WriteBits                        0x08002ce5   Thumb Code   112  i2c_treiber.o(i.MPU6050_WriteBits)
    MemManage_Handler                        0x08002d59   Thumb Code     4  stm32f4xx_it.o(i.MemManage_Handler)
    NMI_Handler                              0x08002d5d   Thumb Code     2  stm32f4xx_it.o(i.NMI_Handler)
    PendSV_Handler                           0x08002d99   Thumb Code     2  stm32f4xx_it.o(i.PendSV_Handler)
    SCCB_Read                                0x08002d9d   Thumb Code    78  i2c_treiber.o(i.SCCB_Read)
    SVC_Handler                              0x08002df9   Thumb Code     2  stm32f4xx_it.o(i.SVC_Handler)
    SysTick_Handler                          0x08002dfb   Thumb Code     8  stm32f4xx_it.o(i.SysTick_Handler)
    SystemInit                               0x08002ebd   Thumb Code    82  system_stm32f4xx.o(i.SystemInit)
    USART3_IRQHandler                        0x08002f89   Thumb Code    10  usart_stm32f4xx.o(i.USART3_IRQHandler)
    USART_IRQHandler                         0x080039b9   Thumb Code   604  usart_stm32f4xx.o(i.USART_IRQHandler)
    UsageFault_Handler                       0x080042cd   Thumb Code     4  stm32f4xx_it.o(i.UsageFault_Handler)
    __0printf$5                              0x080042d1   Thumb Code    22  printf5.o(i.__0printf$5)
    __1printf$5                              0x080042d1   Thumb Code     0  printf5.o(i.__0printf$5)
    __2printf                                0x080042d1   Thumb Code     0  printf5.o(i.__0printf$5)
    __scatterload_copy                       0x080042f1   Thumb Code    14  handlers.o(i.__scatterload_copy)
    __scatterload_null                       0x080042ff   Thumb Code     2  handlers.o(i.__scatterload_null)
    __scatterload_zeroinit                   0x08004301   Thumb Code    14  handlers.o(i.__scatterload_zeroinit)
    buildCommand                             0x080045d1   Thumb Code   208  stdout_usart.o(i.buildCommand)
    fputc                                    0x080046cd   Thumb Code    40  retarget_io.o(i.fputc)
    initMPU                                  0x080046fd   Thumb Code   108  i2c_treiber.o(i.initMPU)
    kommuHandler                             0x08004789   Thumb Code   188  stdout_usart.o(i.kommuHandler)
    lowPassFilterGyro                        0x08004865   Thumb Code   210  daten_filter.o(i.lowPassFilterGyro)
    main                                     0x08004951   Thumb Code   148  main.o(i.main)
    myUSART_callback                         0x08004a01   Thumb Code    68  stdout_usart.o(i.myUSART_callback)
    puts                                     0x08004a55   Thumb Code    30  puts.o(i.puts)
    sendCommand                              0x08004a79   Thumb Code    38  stdout_usart.o(i.sendCommand)
    startRec                                 0x08004aa1   Thumb Code    26  stdout_usart.o(i.startRec)
    std_init                                 0x08004ac1   Thumb Code    96  stdout_usart.o(i.std_init)
    stderr_putchar                           0x08004b29   Thumb Code    12  stdout_usart.o(i.stderr_putchar)
    stdout_putchar                           0x08004b35   Thumb Code    42  stdout_usart.o(i.stdout_putchar)
    Driver_USART3                            0x08004bac   Data          56  usart_stm32f4xx.o(.constdata)
    APBAHBPrescTable                         0x08004bec   Data          16  stm32f4xx_hal_rcc.o(.constdata)
    Region$$Table$$Base                      0x08004bfc   Number         0  anon$$obj.o(Region$$Table)
    Region$$Table$$Limit                     0x08004c1c   Number         0  anon$$obj.o(Region$$Table)
    timeDiffMPU                              0x20000014   Data           4  globals.o(.data)
    SystemCoreClock                          0x20000028   Data           4  system_stm32f4xx.o(.data)
    __stdout                                 0x2000002c   Data           4  stdout.o(.data)
    __stderr                                 0x20000030   Data           4  stderr.o(.data)
    acceltempgyroVals                        0x200001ac   Data          14  globals.o(.bss)
    acceltempgyroValsFiltered                0x200001ba   Data          14  globals.o(.bss)
    angleGyro                                0x200001c8   Data          12  globals.o(.bss)
    angleAccel                               0x200001d4   Data          12  globals.o(.bss)
    __initial_sp                             0x20000628   Data           0  startup_stm32f407xx.o(STACK)



==============================================================================

Memory Map of the image

  Image Entry point : 0x0800019d

  Load Region LR_1 (Base: 0x08000000, Size: 0x00004c50, Max: 0xffffffff, ABSOLUTE)

    Execution Region ER_RO (Base: 0x08000000, Size: 0x00004c1c, Max: 0xffffffff, ABSOLUTE)

    Base Addr    Size         Type   Attr      Idx    E Section Name        Object

    0x08000000   0x00000188   Data   RO         3526    RESET               startup_stm32f407xx.o
    0x08000188   0x00000000   Code   RO         3568  * .ARM.Collect$$$$00000000  mc_w.l(entry.o)
    0x08000188   0x00000004   Code   RO         3845    .ARM.Collect$$$$00000001  mc_w.l(entry2.o)
    0x0800018c   0x00000004   Code   RO         3848    .ARM.Collect$$$$00000004  mc_w.l(entry5.o)
    0x08000190   0x00000000   Code   RO         3850    .ARM.Collect$$$$00000008  mc_w.l(entry7b.o)
    0x08000190   0x00000000   Code   RO         3852    .ARM.Collect$$$$0000000A  mc_w.l(entry8b.o)
    0x08000190   0x00000008   Code   RO         3853    .ARM.Collect$$$$0000000B  mc_w.l(entry9a.o)
    0x08000198   0x00000000   Code   RO         3855    .ARM.Collect$$$$0000000D  mc_w.l(entry10a.o)
    0x08000198   0x00000000   Code   RO         3857    .ARM.Collect$$$$0000000F  mc_w.l(entry11a.o)
    0x08000198   0x00000004   Code   RO         3846    .ARM.Collect$$$$00002712  mc_w.l(entry2.o)
    0x0800019c   0x00000024   Code   RO         3527  * .text               startup_stm32f407xx.o
    0x080001c0   0x00000024   Code   RO         3582    .text               mc_w.l(memseta.o)
    0x080001e4   0x00000062   Code   RO         3861    .text               mc_w.l(uldiv.o)
    0x08000246   0x00000002   PAD
    0x08000248   0x00000024   Code   RO         3874    .text               mc_w.l(init.o)
    0x0800026c   0x0000001e   Code   RO         3876    .text               mc_w.l(llshl.o)
    0x0800028a   0x00000020   Code   RO         3878    .text               mc_w.l(llushr.o)
    0x080002aa   0x00000004   Code   RO          177    i.BusFault_Handler  stm32f4xx_it.o
    0x080002ae   0x00000002   PAD
    0x080002b0   0x00000010   Code   RO          328    i.DMA1_Stream5_IRQHandler  i2c_treiber.o
    0x080002c0   0x00000010   Code   RO          329    i.DMA1_Stream6_IRQHandler  i2c_treiber.o
    0x080002d0   0x00000034   Code   RO         1335    i.DMA_CalcBaseAndBitshift  stm32f4xx_hal_dma.o
    0x08000304   0x0000002c   Code   RO         1336    i.DMA_SetConfig     stm32f4xx_hal_dma.o
    0x08000330   0x00000002   Code   RO          178    i.DebugMon_Handler  stm32f4xx_it.o
    0x08000332   0x00000002   PAD
    0x08000334   0x0000003c   Code   RO          330    i.EXTI3_IRQHandler  i2c_treiber.o
    0x08000370   0x00000160   Code   RO          539    i.Enable_GPIO_Clock  usart_stm32f4xx.o
    0x080004d0   0x00000004   Code   RO            4    i.Error_Handler     main.o
    0x080004d4   0x00000018   Code   RO          500    i.Get_Gyro_Offset_Start  daten_filter.o
    0x080004ec   0x00000044   Code   RO          501    i.Get_Gyro_Offset_Stopp  daten_filter.o
    0x08000530   0x0000005e   Code   RO         1337    i.HAL_DMA_Abort     stm32f4xx_hal_dma.o
    0x0800058e   0x00000002   PAD
    0x08000590   0x00000218   Code   RO         1341    i.HAL_DMA_IRQHandler  stm32f4xx_hal_dma.o
    0x080007a8   0x00000084   Code   RO         1342    i.HAL_DMA_Init      stm32f4xx_hal_dma.o
    0x0800082c   0x0000006a   Code   RO         1345    i.HAL_DMA_Start_IT  stm32f4xx_hal_dma.o
    0x08000896   0x0000001a   Code   RO          439    i.HAL_Delay         globals.o
    0x080008b0   0x00000174   Code   RO         1459    i.HAL_GPIO_DeInit   stm32f4xx_hal_gpio.o
    0x08000a24   0x00000002   Code   RO         1460    i.HAL_GPIO_EXTI_Callback  stm32f4xx_hal_gpio.o
    0x08000a26   0x00000002   PAD
    0x08000a28   0x0000001c   Code   RO         1461    i.HAL_GPIO_EXTI_IRQHandler  stm32f4xx_hal_gpio.o
    0x08000a44   0x00000208   Code   RO         1462    i.HAL_GPIO_Init     stm32f4xx_hal_gpio.o
    0x08000c4c   0x00000010   Code   RO         1464    i.HAL_GPIO_ReadPin  stm32f4xx_hal_gpio.o
    0x08000c5c   0x00000008   Code   RO         1465    i.HAL_GPIO_TogglePin  stm32f4xx_hal_gpio.o
    0x08000c64   0x0000000c   Code   RO         1466    i.HAL_GPIO_WritePin  stm32f4xx_hal_gpio.o
    0x08000c70   0x0000000c   Code   RO          798    i.HAL_GetREVID      stm32f4xx_hal.o
    0x08000c7c   0x0000000c   Code   RO          441    i.HAL_GetTick       globals.o
    0x08000c88   0x0000000c   Code   RO          442    i.HAL_GetTick10u    globals.o
    0x08000c94   0x00000036   Code   RO         1525    i.HAL_I2C_DeInit    stm32f4xx_hal_i2c.o
    0x08000cca   0x000000e2   Code   RO         1526    i.HAL_I2C_ER_IRQHandler  stm32f4xx_hal_i2c.o
    0x08000dac   0x00000172   Code   RO         1527    i.HAL_I2C_EV_IRQHandler  stm32f4xx_hal_i2c.o
    0x08000f1e   0x00000002   Code   RO         1528    i.HAL_I2C_ErrorCallback  stm32f4xx_hal_i2c.o
    0x08000f20   0x00000008   Code   RO         1530    i.HAL_I2C_GetState  stm32f4xx_hal_i2c.o
    0x08000f28   0x00000120   Code   RO         1531    i.HAL_I2C_Init      stm32f4xx_hal_i2c.o
    0x08001048   0x00000002   Code   RO         1533    i.HAL_I2C_MasterRxCpltCallback  stm32f4xx_hal_i2c.o
    0x0800104a   0x00000002   Code   RO         1534    i.HAL_I2C_MasterTxCpltCallback  stm32f4xx_hal_i2c.o
    0x0800104c   0x00000234   Code   RO         1535    i.HAL_I2C_Master_Receive  stm32f4xx_hal_i2c.o
    0x08001280   0x0000011c   Code   RO         1538    i.HAL_I2C_Master_Transmit  stm32f4xx_hal_i2c.o
    0x0800139c   0x00000002   Code   RO         1541    i.HAL_I2C_MemRxCpltCallback  stm32f4xx_hal_i2c.o
    0x0800139e   0x00000002   Code   RO         1542    i.HAL_I2C_MemTxCpltCallback  stm32f4xx_hal_i2c.o
    0x080013a0   0x0000022c   Code   RO         1543    i.HAL_I2C_Mem_Read  stm32f4xx_hal_i2c.o
    0x080015cc   0x00000114   Code   RO         1544    i.HAL_I2C_Mem_Read_DMA  stm32f4xx_hal_i2c.o
    0x080016e0   0x00000110   Code   RO         1546    i.HAL_I2C_Mem_Write  stm32f4xx_hal_i2c.o
    0x080017f0   0x00000002   Code   RO         1549    i.HAL_I2C_MspDeInit  stm32f4xx_hal_i2c.o
    0x080017f2   0x00000002   PAD
    0x080017f4   0x000001ac   Code   RO          331    i.HAL_I2C_MspInit   i2c_treiber.o
    0x080019a0   0x00000002   Code   RO         1551    i.HAL_I2C_SlaveRxCpltCallback  stm32f4xx_hal_i2c.o
    0x080019a2   0x00000002   Code   RO         1552    i.HAL_I2C_SlaveTxCpltCallback  stm32f4xx_hal_i2c.o
    0x080019a4   0x00000024   Code   RO          443    i.HAL_IncTick       globals.o
    0x080019c8   0x0000003c   Code   RO          801    i.HAL_Init          stm32f4xx_hal.o
    0x08001a04   0x00000028   Code   RO          444    i.HAL_InitTick      globals.o
    0x08001a2c   0x00000002   Code   RO          804    i.HAL_MspInit       stm32f4xx_hal.o
    0x08001a2e   0x00000002   PAD
    0x08001a30   0x0000001c   Code   RO         1208    i.HAL_NVIC_ClearPendingIRQ  stm32f4xx_hal_cortex.o
    0x08001a4c   0x0000001c   Code   RO         1209    i.HAL_NVIC_DisableIRQ  stm32f4xx_hal_cortex.o
    0x08001a68   0x0000001a   Code   RO         1210    i.HAL_NVIC_EnableIRQ  stm32f4xx_hal_cortex.o
    0x08001a82   0x0000007c   Code   RO         1216    i.HAL_NVIC_SetPriority  stm32f4xx_hal_cortex.o
    0x08001afe   0x00000002   PAD
    0x08001b00   0x00000028   Code   RO         1217    i.HAL_NVIC_SetPriorityGrouping  stm32f4xx_hal_cortex.o
    0x08001b28   0x000002b0   Code   RO         2042    i.HAL_RCC_ClockConfig  stm32f4xx_hal_rcc.o
    0x08001dd8   0x00000038   Code   RO         2047    i.HAL_RCC_GetHCLKFreq  stm32f4xx_hal_rcc.o
    0x08001e10   0x0000002c   Code   RO         2049    i.HAL_RCC_GetPCLK1Freq  stm32f4xx_hal_rcc.o
    0x08001e3c   0x000000b4   Code   RO         2051    i.HAL_RCC_GetSysClockFreq  stm32f4xx_hal_rcc.o
    0x08001ef0   0x00000404   Code   RO         2054    i.HAL_RCC_OscConfig  stm32f4xx_hal_rcc.o
    0x080022f4   0x00000034   Code   RO         1221    i.HAL_SYSTICK_Config  stm32f4xx_hal_cortex.o
    0x08002328   0x00000004   Code   RO          179    i.HardFault_Handler  stm32f4xx_it.o
    0x0800232c   0x00000010   Code   RO          332    i.I2C1_ER_IRQHandler  i2c_treiber.o
    0x0800233c   0x00000010   Code   RO          333    i.I2C1_EV_IRQHandler  i2c_treiber.o
    0x0800234c   0x0000002c   Code   RO         1559    i.I2C_DMAError      stm32f4xx_hal_i2c.o
    0x08002378   0x00000054   Code   RO         1562    i.I2C_DMAMemReceiveCplt  stm32f4xx_hal_i2c.o
    0x080023cc   0x000000ae   Code   RO         1566    i.I2C_MasterReceive_BTF  stm32f4xx_hal_i2c.o
    0x0800247a   0x0000007e   Code   RO         1567    i.I2C_MasterReceive_RXNE  stm32f4xx_hal_i2c.o
    0x080024f8   0x000000f8   Code   RO         1568    i.I2C_MasterRequestRead  stm32f4xx_hal_i2c.o
    0x080025f0   0x0000008c   Code   RO         1569    i.I2C_MasterRequestWrite  stm32f4xx_hal_i2c.o
    0x0800267c   0x0000005a   Code   RO         1570    i.I2C_MasterTransmit_BTF  stm32f4xx_hal_i2c.o
    0x080026d6   0x00000028   Code   RO         1571    i.I2C_MasterTransmit_TXE  stm32f4xx_hal_i2c.o
    0x080026fe   0x00000002   PAD
    0x08002700   0x00000114   Code   RO         1572    i.I2C_RequestMemoryRead  stm32f4xx_hal_i2c.o
    0x08002814   0x000000b0   Code   RO         1573    i.I2C_RequestMemoryWrite  stm32f4xx_hal_i2c.o
    0x080028c4   0x0000001e   Code   RO         1574    i.I2C_SlaveReceive_BTF  stm32f4xx_hal_i2c.o
    0x080028e2   0x0000001e   Code   RO         1575    i.I2C_SlaveReceive_RXNE  stm32f4xx_hal_i2c.o
    0x08002900   0x0000001c   Code   RO         1576    i.I2C_SlaveTransmit_BTF  stm32f4xx_hal_i2c.o
    0x0800291c   0x0000001c   Code   RO         1577    i.I2C_SlaveTransmit_TXE  stm32f4xx_hal_i2c.o
    0x08002938   0x0000001a   Code   RO         1578    i.I2C_Slave_ADDR    stm32f4xx_hal_i2c.o
    0x08002952   0x00000034   Code   RO         1579    i.I2C_Slave_AF      stm32f4xx_hal_i2c.o
    0x08002986   0x00000044   Code   RO         1580    i.I2C_Slave_STOPF   stm32f4xx_hal_i2c.o
    0x080029ca   0x000000de   Code   RO         1581    i.I2C_WaitOnFlagUntilTimeout  stm32f4xx_hal_i2c.o
    0x08002aa8   0x000000aa   Code   RO         1582    i.I2C_WaitOnMasterAddressFlagUntilTimeout  stm32f4xx_hal_i2c.o
    0x08002b52   0x00000086   Code   RO          334    i.Initial_MPU6050   i2c_treiber.o
    0x08002bd8   0x000000ac   Code   RO          335    i.MPU6050_GetRawAccelGyro  i2c_treiber.o
    0x08002c84   0x00000060   Code   RO          338    i.MPU6050_WriteBit  i2c_treiber.o
    0x08002ce4   0x00000074   Code   RO          339    i.MPU6050_WriteBits  i2c_treiber.o
    0x08002d58   0x00000004   Code   RO          180    i.MemManage_Handler  stm32f4xx_it.o
    0x08002d5c   0x00000002   Code   RO          181    i.NMI_Handler       stm32f4xx_it.o
    0x08002d5e   0x00000002   PAD
    0x08002d60   0x00000010   Code   RO         1223    i.NVIC_GetPriorityGrouping  stm32f4xx_hal_cortex.o
    0x08002d70   0x00000028   Code   RO         1224    i.NVIC_SetPriority  stm32f4xx_hal_cortex.o
    0x08002d98   0x00000002   Code   RO          182    i.PendSV_Handler    stm32f4xx_it.o
    0x08002d9a   0x00000002   PAD
    0x08002d9c   0x0000005c   Code   RO          340    i.SCCB_Read         i2c_treiber.o
    0x08002df8   0x00000002   Code   RO          183    i.SVC_Handler       stm32f4xx_it.o
    0x08002dfa   0x00000008   Code   RO          184    i.SysTick_Handler   stm32f4xx_it.o
    0x08002e02   0x00000002   PAD
    0x08002e04   0x000000b8   Code   RO            5    i.SystemClock_Config  main.o
    0x08002ebc   0x00000064   Code   RO         3535    i.SystemInit        system_stm32f4xx.o
    0x08002f20   0x00000018   Code   RO          540    i.USART3_Control    usart_stm32f4xx.o
    0x08002f38   0x00000010   Code   RO          541    i.USART3_GetCapabilities  usart_stm32f4xx.o
    0x08002f48   0x00000010   Code   RO          542    i.USART3_GetModemStatus  usart_stm32f4xx.o
    0x08002f58   0x00000010   Code   RO          543    i.USART3_GetRxCount  usart_stm32f4xx.o
    0x08002f68   0x00000010   Code   RO          544    i.USART3_GetStatus  usart_stm32f4xx.o
    0x08002f78   0x00000010   Code   RO          545    i.USART3_GetTxCount  usart_stm32f4xx.o
    0x08002f88   0x00000010   Code   RO          546    i.USART3_IRQHandler  usart_stm32f4xx.o
    0x08002f98   0x00000014   Code   RO          547    i.USART3_Initialize  usart_stm32f4xx.o
    0x08002fac   0x00000014   Code   RO          548    i.USART3_PowerControl  usart_stm32f4xx.o
    0x08002fc0   0x00000018   Code   RO          549    i.USART3_Receive    usart_stm32f4xx.o
    0x08002fd8   0x00000018   Code   RO          550    i.USART3_Send       usart_stm32f4xx.o
    0x08002ff0   0x00000014   Code   RO          551    i.USART3_SetModemControl  usart_stm32f4xx.o
    0x08003004   0x0000001c   Code   RO          552    i.USART3_Transfer   usart_stm32f4xx.o
    0x08003020   0x00000010   Code   RO          553    i.USART3_Uninitialize  usart_stm32f4xx.o
    0x08003030   0x000008a2   Code   RO          554    i.USART_Control     usart_stm32f4xx.o
    0x080038d2   0x00000006   Code   RO          555    i.USART_GetCapabilities  usart_stm32f4xx.o
    0x080038d8   0x0000005a   Code   RO          556    i.USART_GetModemStatus  usart_stm32f4xx.o
    0x08003932   0x00000008   Code   RO          557    i.USART_GetRxCount  usart_stm32f4xx.o
    0x0800393a   0x00000076   Code   RO          558    i.USART_GetStatus   usart_stm32f4xx.o
    0x080039b0   0x00000008   Code   RO          559    i.USART_GetTxCount  usart_stm32f4xx.o
    0x080039b8   0x0000025c   Code   RO          560    i.USART_IRQHandler  usart_stm32f4xx.o
    0x08003c14   0x0000008a   Code   RO          561    i.USART_Initialize  usart_stm32f4xx.o
    0x08003c9e   0x00000002   PAD
    0x08003ca0   0x00000134   Code   RO          562    i.USART_PeripheralReset  usart_stm32f4xx.o
    0x08003dd4   0x00000290   Code   RO          563    i.USART_PowerControl  usart_stm32f4xx.o
    0x08004064   0x000000a2   Code   RO          564    i.USART_Receive     usart_stm32f4xx.o
    0x08004106   0x00000088   Code   RO          565    i.USART_Send        usart_stm32f4xx.o
    0x0800418e   0x00000072   Code   RO          566    i.USART_SetModemControl  usart_stm32f4xx.o
    0x08004200   0x0000006a   Code   RO          567    i.USART_Transfer    usart_stm32f4xx.o
    0x0800426a   0x00000052   Code   RO          568    i.USART_Uninitialize  usart_stm32f4xx.o
    0x080042bc   0x00000010   Code   RO          569    i.USARTx_GetVersion  usart_stm32f4xx.o
    0x080042cc   0x00000004   Code   RO          185    i.UsageFault_Handler  stm32f4xx_it.o
    0x080042d0   0x00000020   Code   RO         3717    i.__0printf$5       mc_w.l(printf5.o)
    0x080042f0   0x0000000e   Code   RO         3886    i.__scatterload_copy  mc_w.l(handlers.o)
    0x080042fe   0x00000002   Code   RO         3887    i.__scatterload_null  mc_w.l(handlers.o)
    0x08004300   0x0000000e   Code   RO         3888    i.__scatterload_zeroinit  mc_w.l(handlers.o)
    0x0800430e   0x00000002   PAD
    0x08004310   0x000002c0   Code   RO         3724    i._printf_core      mc_w.l(printf5.o)
    0x080045d0   0x000000fc   Code   RO          252    i.buildCommand      stdout_usart.o
    0x080046cc   0x00000030   Code   RO          739    i.fputc             retarget_io.o
    0x080046fc   0x0000008c   Code   RO          342    i.initMPU           i2c_treiber.o
    0x08004788   0x000000dc   Code   RO          253    i.kommuHandler      stdout_usart.o
    0x08004864   0x000000ec   Code   RO          502    i.lowPassFilterGyro  daten_filter.o
    0x08004950   0x000000b0   Code   RO            6    i.main              main.o
    0x08004a00   0x00000054   Code   RO          254    i.myUSART_callback  stdout_usart.o
    0x08004a54   0x00000024   Code   RO         3573    i.puts              mc_w.l(puts.o)
    0x08004a78   0x00000026   Code   RO          255    i.sendCommand       stdout_usart.o
    0x08004a9e   0x00000002   PAD
    0x08004aa0   0x00000020   Code   RO          256    i.startRec          stdout_usart.o
    0x08004ac0   0x00000068   Code   RO          257    i.std_init          stdout_usart.o
    0x08004b28   0x0000000c   Code   RO          258    i.stderr_putchar    stdout_usart.o
    0x08004b34   0x00000030   Code   RO          260    i.stdout_putchar    stdout_usart.o
    0x08004b64   0x00000080   Data   RO          571    .constdata          usart_stm32f4xx.o
    0x08004be4   0x00000008   Data   RO         1346    .constdata          stm32f4xx_hal_dma.o
    0x08004bec   0x00000010   Data   RO         2055    .constdata          stm32f4xx_hal_rcc.o
    0x08004bfc   0x00000020   Data   RO         3884    Region$$Table       anon$$obj.o


    Execution Region ER_RW (Base: 0x20000000, Size: 0x00000034, Max: 0xffffffff, ABSOLUTE)

    Base Addr    Size         Type   Attr      Idx    E Section Name        Object

    0x20000000   0x0000000e   Data   RW          262    .data               stdout_usart.o
    0x2000000e   0x00000002   PAD
    0x20000010   0x00000004   Data   RW          344    .data               i2c_treiber.o
    0x20000014   0x0000000c   Data   RW          446    .data               globals.o
    0x20000020   0x00000008   Data   RW          504    .data               daten_filter.o
    0x20000028   0x00000004   Data   RW         3537    .data               system_stm32f4xx.o
    0x2000002c   0x00000004   Data   RW         3580    .data               mc_w.l(stdout.o)
    0x20000030   0x00000004   Data   RW         3581    .data               mc_w.l(stderr.o)


    Execution Region ER_ZI (Base: 0x20000034, Size: 0x000005f4, Max: 0xffffffff, ABSOLUTE)

    Base Addr    Size         Type   Attr      Idx    E Section Name        Object

    0x20000034   0x0000006e   Zero   RW          261    .bss                stdout_usart.o
    0x200000a2   0x00000002   PAD
    0x200000a4   0x00000108   Zero   RW          343    .bss                i2c_treiber.o
    0x200001ac   0x00000034   Zero   RW          445    .bss                globals.o
    0x200001e0   0x0000000c   Zero   RW          503    .bss                daten_filter.o
    0x200001ec   0x00000038   Zero   RW          570    .bss                usart_stm32f4xx.o
    0x20000224   0x00000004   PAD
    0x20000228   0x00000400   Zero   RW         3524    STACK               startup_stm32f407xx.o


==============================================================================

Image component sizes


      Code (inc. data)   RO Data    RW Data    ZI Data      Debug   Object Name

       328         48          0          8         12       2124   daten_filter.o
       126         28          0         12         52       3111   globals.o
      1302        126          0          4        264       7888   i2c_treiber.o
       364         42          0          0          0     335359   main.o
        48          8          0          0          0        660   retarget_io.o
        36          8        392          0       1024        860   startup_stm32f407xx.o
       790        112          0         14        110       5927   stdout_usart.o
        74         10          0          0          0       1708   stm32f4xx_hal.o
       354         34          0          0          0      32604   stm32f4xx_hal_cortex.o
       964         16          8          0          0       5403   stm32f4xx_hal_dma.o
       958         98          0          0          0       6058   stm32f4xx_hal_gpio.o
      4966         80          0          0          0      29558   stm32f4xx_hal_i2c.o
      1996         58         16          0          0       5596   stm32f4xx_hal_rcc.o
        32          0          0          0          0       4030   stm32f4xx_it.o
       100         18          0          4          0       1309   system_stm32f4xx.o
      5386        222        128          0         56      55330   usart_stm32f4xx.o

    ----------------------------------------------------------------------
     17850        908        576         44       1524     497525   Object Totals
         0          0         32          0          0          0   (incl. Generated)
        26          0          0          2          6          0   (incl. Padding)

    ----------------------------------------------------------------------

      Code (inc. data)   RO Data    RW Data    ZI Data      Debug   Library Member Name

         0          0          0          0          0          0   entry.o
         0          0          0          0          0          0   entry10a.o
         0          0          0          0          0          0   entry11a.o
         8          4          0          0          0          0   entry2.o
         4          0          0          0          0          0   entry5.o
         0          0          0          0          0          0   entry7b.o
         0          0          0          0          0          0   entry8b.o
         8          4          0          0          0          0   entry9a.o
        30          0          0          0          0          0   handlers.o
        36          8          0          0          0         68   init.o
        30          0          0          0          0         68   llshl.o
        32          0          0          0          0         68   llushr.o
        36          0          0          0          0        108   memseta.o
       736         56          0          0          0        184   printf5.o
        36          6          0          0          0         80   puts.o
         0          0          0          4          0          0   stderr.o
         0          0          0          4          0          0   stdout.o
        98          0          0          0          0         92   uldiv.o

    ----------------------------------------------------------------------
      1058         78          0          8          0        668   Library Totals
         4          0          0          0          0          0   (incl. Padding)

    ----------------------------------------------------------------------

      Code (inc. data)   RO Data    RW Data    ZI Data      Debug   Library Name

      1054         78          0          8          0        668   mc_w.l

    ----------------------------------------------------------------------
      1058         78          0          8          0        668   Library Totals

    ----------------------------------------------------------------------

==============================================================================


      Code (inc. data)   RO Data    RW Data    ZI Data      Debug   

     18908        986        576         52       1524     484837   Grand Totals
     18908        986        576         52       1524     484837   ELF Image Totals
     18908        986        576         52          0          0   ROM Totals

==============================================================================

    Total RO  Size (Code + RO Data)                19484 (  19.03kB)
    Total RW  Size (RW Data + ZI Data)              1576 (   1.54kB)
    Total ROM Size (Code + RO Data + RW Data)      19536 (  19.08kB)

==============================================================================

